Archive member included to satisfy reference by file (symbol)

arduino.ar(start.S.o)         (__start__)
arduino.ar(start_c.c.o)       arduino.ar(start.S.o) (start_c)
arduino.ar(wirish_digital_f1.cpp.o)
                              ./.ino.cpp.o (pinMode(unsigned char, WiringPinMode))
arduino.ar(usb.c.o)           (__irq_usb_lp_can_rx0)
arduino.ar(usb_cdcacm.c.o)    arduino.ar(usb.c.o) (User_Standard_Requests)
arduino.ar(usb_reg_map.c.o)   arduino.ar(usb_cdcacm.c.o) (usb_set_ep_rx_count)
arduino.ar(isrs.S.o)          (__exc_nmi)
arduino.ar(vector_table.S.o)  (__stm32_vector_table)
arduino.ar(gpio_f1.c.o)       arduino.ar(wirish_digital_f1.cpp.o) (gpio_set_mode)
arduino.ar(rcc_f1.c.o)        arduino.ar(usb.c.o) (rcc_clk_enable)
arduino.ar(systick.c.o)       ./.ino.cpp.o (systick_uptime_millis)
arduino.ar(timer.c.o)         arduino.ar(wirish_digital_f1.cpp.o) (timer_set_mode)
arduino.ar(main.cpp.o)        c:/users/lucifer/appdata/local/arduino15/packages/arduino/tools/arm-none-eabi-gcc/4.8.3-2014q1/bin/../lib/gcc/arm-none-eabi/5.4.1/../../../../arm-none-eabi/lib/armv7-m/crt0.o (main)
arduino.ar(wirish_digital.cpp.o)
                              ./.ino.cpp.o (digitalWrite(unsigned char, unsigned char))
arduino.ar(boards.cpp.o)      arduino.ar(main.cpp.o) (init())
arduino.ar(boards_setup.cpp.o)
                              arduino.ar(boards.cpp.o) (wirish::priv::board_reset_pll())
arduino.ar(board.cpp.o)       arduino.ar(boards.cpp.o) (boardUsedPins)
arduino.ar(wirish_debug.cpp.o)
                              arduino.ar(board.cpp.o) (disableDebugPorts())
arduino.ar(usb_core.c.o)      arduino.ar(usb_cdcacm.c.o) (Standard_GetDescriptorData)
arduino.ar(usb_init.c.o)      arduino.ar(usb.c.o) (Device_Info)
arduino.ar(usb_mem.c.o)       arduino.ar(usb_core.c.o) (UserToPMABufferCopy)
arduino.ar(usb_regs.c.o)      arduino.ar(usb_core.c.o) (SetEPTxStatus)
arduino.ar(adc.c.o)           arduino.ar(boards.cpp.o) (adc_set_sample_rate)
arduino.ar(adc_f1.c.o)        arduino.ar(boards.cpp.o) (adc_set_prescaler)
arduino.ar(flash.c.o)         arduino.ar(boards.cpp.o) (flash_set_latency)
arduino.ar(gpio.c.o)          arduino.ar(gpio_f1.c.o) (gpio_init)
arduino.ar(nvic.c.o)          arduino.ar(boards.cpp.o) (nvic_init)
arduino.ar(rcc.c.o)           arduino.ar(rcc_f1.c.o) (rcc_dev_clk)
arduino.ar(usart_f1.c.o)      arduino.ar(board.cpp.o) (USART3)
arduino.ar(usart_private.c.o)
                              arduino.ar(usart_f1.c.o) (_usart_clock_freq)
arduino.ar(HardwareSerial.cpp.o)
                              arduino.ar(board.cpp.o) (HardwareSerial::HardwareSerial(usart_dev*, unsigned char, unsigned char))
arduino.ar(Print.cpp.o)       arduino.ar(HardwareSerial.cpp.o) (Print::write(char const*))
arduino.ar(cxxabi-compat.cpp.o)
                              arduino.ar(Print.cpp.o) (__cxa_pure_virtual)
arduino.ar(usb_serial.cpp.o)  arduino.ar(boards_setup.cpp.o) (USBSerial::begin())
arduino.ar(iwdg.c.o)          arduino.ar(usb_serial.cpp.o) (iwdg_init)
arduino.ar(usart.c.o)         arduino.ar(HardwareSerial.cpp.o) (usart_init)
c:/users/lucifer/appdata/local/arduino15/packages/arduino/tools/arm-none-eabi-gcc/4.8.3-2014q1/bin/../lib/gcc/arm-none-eabi/5.4.1/armv7-m\libgcc.a(_arm_addsubdf3.o)
                              arduino.ar(Print.cpp.o) (__aeabi_dsub)
c:/users/lucifer/appdata/local/arduino15/packages/arduino/tools/arm-none-eabi-gcc/4.8.3-2014q1/bin/../lib/gcc/arm-none-eabi/5.4.1/armv7-m\libgcc.a(_arm_muldivdf3.o)
                              arduino.ar(Print.cpp.o) (__aeabi_dmul)
c:/users/lucifer/appdata/local/arduino15/packages/arduino/tools/arm-none-eabi-gcc/4.8.3-2014q1/bin/../lib/gcc/arm-none-eabi/5.4.1/armv7-m\libgcc.a(_arm_cmpdf2.o)
                              arduino.ar(Print.cpp.o) (__aeabi_dcmplt)
c:/users/lucifer/appdata/local/arduino15/packages/arduino/tools/arm-none-eabi-gcc/4.8.3-2014q1/bin/../lib/gcc/arm-none-eabi/5.4.1/armv7-m\libgcc.a(_arm_fixdfsi.o)
                              arduino.ar(Print.cpp.o) (__aeabi_d2iz)
c:/users/lucifer/appdata/local/arduino15/packages/arduino/tools/arm-none-eabi-gcc/4.8.3-2014q1/bin/../lib/gcc/arm-none-eabi/5.4.1/armv7-m\libgcc.a(_aeabi_uldivmod.o)
                              arduino.ar(Print.cpp.o) (__aeabi_uldivmod)
c:/users/lucifer/appdata/local/arduino15/packages/arduino/tools/arm-none-eabi-gcc/4.8.3-2014q1/bin/../lib/gcc/arm-none-eabi/5.4.1/armv7-m\libgcc.a(_fixdfdi.o)
                              arduino.ar(Print.cpp.o) (__aeabi_d2lz)
c:/users/lucifer/appdata/local/arduino15/packages/arduino/tools/arm-none-eabi-gcc/4.8.3-2014q1/bin/../lib/gcc/arm-none-eabi/5.4.1/armv7-m\libgcc.a(_fixunsdfdi.o)
                              c:/users/lucifer/appdata/local/arduino15/packages/arduino/tools/arm-none-eabi-gcc/4.8.3-2014q1/bin/../lib/gcc/arm-none-eabi/5.4.1/armv7-m\libgcc.a(_fixdfdi.o) (__aeabi_d2ulz)
c:/users/lucifer/appdata/local/arduino15/packages/arduino/tools/arm-none-eabi-gcc/4.8.3-2014q1/bin/../lib/gcc/arm-none-eabi/5.4.1/armv7-m\libgcc.a(_udivmoddi4.o)
[...]
Memory Configuration

Name             Origin             Length             Attributes
ram              0x20000000         0x00005000         xrw
rom              0x08002000         0x0001e000         xr
*default*        0x00000000         0xffffffff

Linker script and memory map

LOAD c:/users/lucifer/appdata/local/arduino15/packages/arduino/tools/arm-none-eabi-gcc/4.8.3-2014q1/bin/../lib/gcc/arm-none-eabi/5.4.1/armv7-m/crti.o
LOAD c:/users/lucifer/appdata/local/arduino15/packages/arduino/tools/arm-none-eabi-gcc/4.8.3-2014q1/bin/../lib/gcc/arm-none-eabi/5.4.1/armv7-m/crtbegin.o
LOAD c:/users/lucifer/appdata/local/arduino15/packages/arduino/tools/arm-none-eabi-gcc/4.8.3-2014q1/bin/../lib/gcc/arm-none-eabi/5.4.1/../../../../arm-none-eabi/lib/armv7-m/crt0.o
LOAD c:/users/lucifer/appdata/local/arduino15/packages/arduino/tools/arm-none-eabi-gcc/4.8.3-2014q1/bin/../lib/gcc/arm-none-eabi/5.4.1/armv7-m\libgcc.a
START GROUP
LOAD ./.ino.cpp.o
LOAD ./src/HiveX_adc.cpp.o
LOAD ./src/HiveX_buffer.cpp.o
LOAD ./src/HiveX_common.cpp.o
LOAD ./src/HiveX_debug.cpp.o
LOAD ./src/HiveX_gpio.cpp.o
LOAD ./src/HiveX_i2c.cpp.o
LOAD ./src/HiveX_serial.cpp.o
LOAD ./src/HiveX_sys.cpp.o
LOAD ./src/HiveX_timer.cpp.o
LOAD ./src/HiveX_usb.cpp.o
LOAD arduino.ar
LOAD E:/Workspace/bsp/Release/arduino.ar
END GROUP
LOAD c:/users/lucifer/appdata/local/arduino15/packages/arduino/tools/arm-none-eabi-gcc/4.8.3-2014q1/bin/../lib/gcc/arm-none-eabi/5.4.1/../../../../arm-none-eabi/lib/armv7-m\libstdc++.a
LOAD c:/users/lucifer/appdata/local/arduino15/packages/arduino/tools/arm-none-eabi-gcc/4.8.3-2014q1/bin/../lib/gcc/arm-none-eabi/5.4.1/../../../../arm-none-eabi/lib/armv7-m\libm.a
START GROUP
LOAD c:/users/lucifer/appdata/local/arduino15/packages/arduino/tools/arm-none-eabi-gcc/4.8.3-2014q1/bin/../lib/gcc/arm-none-eabi/5.4.1/armv7-m\libgcc.a
LOAD c:/users/lucifer/appdata/local/arduino15/packages/arduino/tools/arm-none-eabi-gcc/4.8.3-2014q1/bin/../lib/gcc/arm-none-eabi/5.4.1/../../../../arm-none-eabi/lib/armv7-m\libc.a
END GROUP
LOAD c:/users/lucifer/appdata/local/arduino15/packages/arduino/tools/arm-none-eabi-gcc/4.8.3-2014q1/bin/../lib/gcc/arm-none-eabi/5.4.1/armv7-m/crtend.o
LOAD c:/users/lucifer/appdata/local/arduino15/packages/arduino/tools/arm-none-eabi-gcc/4.8.3-2014q1/bin/../lib/gcc/arm-none-eabi/5.4.1/armv7-m/crtn.o
START GROUP
LOAD c:/users/lucifer/appdata/local/arduino15/packages/arduino/tools/arm-none-eabi-gcc/4.8.3-2014q1/bin/../lib/gcc/arm-none-eabi/5.4.1/armv7-m\libgcc.a
LOAD c:/users/lucifer/appdata/local/arduino15/packages/arduino/tools/arm-none-eabi-gcc/4.8.3-2014q1/bin/../lib/gcc/arm-none-eabi/5.4.1/../../../../arm-none-eabi/lib/armv7-m\libc.a
LOAD c:/users/lucifer/appdata/local/arduino15/packages/arduino/tools/arm-none-eabi-gcc/4.8.3-2014q1/bin/../lib/gcc/arm-none-eabi/5.4.1/../../../../arm-none-eabi/lib/armv7-m\libm.a
END GROUP
START GROUP
LOAD c:/users/lucifer/appdata/local/arduino15/packages/arduino/tools/arm-none-eabi-gcc/4.8.3-2014q1/bin/../lib/gcc/arm-none-eabi/5.4.1/../../../../arm-none-eabi/lib/armv7-m\libnosys.a
END GROUP
                0x20005000                PROVIDE (__msp_init, (ORIGIN (ram) + LENGTH (ram)))
                0x080021a0                PROVIDE (__exc_reset, __start__)

.text           0x08002000     0x26f8
                0x08002000                __text_start__ = .
 *(.stm32.interrupt_vector)
 .stm32.interrupt_vector
                0x08002000       0xec arduino.ar(vector_table.S.o)
                0x08002000                __stm32_vector_table
 *(.text .text.* .gnu.linkonce.t.*)
 .text          0x080020ec       0x5c c:/users/lucifer/appdata/local/arduino15/packages/arduino/tools/arm-none-eabi-gcc/4.8.3-2014q1/bin/../lib/gcc/arm-none-eabi/5.4.1/armv7-m/crtbegin.o
 .text._Z5setupv
                0x08002148       0x1c ./.ino.cpp.o
                0x08002148                setup()
 .text._Z4loopv
                0x08002164       0x3c ./.ino.cpp.o
                0x08002164                loop()
 .text          0x080021a0       0x10 arduino.ar(start.S.o)
                0x080021a0                __start__
 .text.start_c  0x080021b0       0x64 arduino.ar(start_c.c.o)
                0x080021b0                start_c
 .text._Z7pinModeh13WiringPinMode
                0x08002214       0x84 arduino.ar(wirish_digital_f1.cpp.o)
                0x08002214                pinMode(unsigned char, WiringPinMode)
 .text.set_rx_tx_status0
                0x08002298       0x30 arduino.ar(usb.c.o)
 .text.usb_resume
                0x080022c8       0xb4 arduino.ar(usb.c.o)
 .text.usb_init_usblib
                0x0800237c       0x48 arduino.ar(usb.c.o)
                0x0800237c                usb_init_usblib
 .text.__irq_usb_lp_can_rx0
                0x080023c4      0x188 arduino.ar(usb.c.o)
                0x080023c4                __irq_usb_lp_can_rx0
 .text.usb_set_ep_rx_stat
                0x0800254c       0x22 arduino.ar(usb_cdcacm.c.o)
 *fill*         0x0800256e        0x2 
 .text.vcomGetSetLineCoding
                0x08002570       0x18 arduino.ar(usb_cdcacm.c.o)
 .text.usbInit  0x08002588       0x44 arduino.ar(usb_cdcacm.c.o)
 .text.usbDataSetup
                0x080025cc       0x54 arduino.ar(usb_cdcacm.c.o)
 .text.usbNoDataSetup
                0x08002620       0x50 arduino.ar(usb_cdcacm.c.o)
 .text.usbGetInterfaceSetting
                0x08002670       0x10 arduino.ar(usb_cdcacm.c.o)
 .text.usbSetConfiguration
                0x08002680       0x1c arduino.ar(usb_cdcacm.c.o)
 .text.usbSetDeviceAddress
                0x0800269c       0x10 arduino.ar(usb_cdcacm.c.o)
 .text.usbGetStringDescriptor
                0x080026ac       0x20 arduino.ar(usb_cdcacm.c.o)
 .text.usbGetConfigDescriptor
                0x080026cc        0xc arduino.ar(usb_cdcacm.c.o)
 .text.usbGetDeviceDescriptor
                0x080026d8        0xc arduino.ar(usb_cdcacm.c.o)
 .text.vcomDataRxCb
                0x080026e4       0x84 arduino.ar(usb_cdcacm.c.o)
 .text.vcomDataTxCb
                0x08002768       0xa4 arduino.ar(usb_cdcacm.c.o)
 .text.usb_cdcacm_tx.part.1
                0x0800280c       0x54 arduino.ar(usb_cdcacm.c.o)
 .text.usbReset
                0x08002860      0x160 arduino.ar(usb_cdcacm.c.o)
 .text.usb_cdcacm_set_hooks
                0x080029c0       0x1c arduino.ar(usb_cdcacm.c.o)
                0x080029c0                usb_cdcacm_set_hooks
 .text.usb_cdcacm_enable
                0x080029dc       0x34 arduino.ar(usb_cdcacm.c.o)
                0x080029dc                usb_cdcacm_enable
 .text.usb_cdcacm_tx
                0x08002a10        0xa arduino.ar(usb_cdcacm.c.o)
                0x08002a10                usb_cdcacm_tx
 *fill*         0x08002a1a        0x2 
 .text.usb_cdcacm_data_available
                0x08002a1c       0x18 arduino.ar(usb_cdcacm.c.o)
                0x08002a1c                usb_cdcacm_data_available
 .text.usb_cdcacm_peek
                0x08002a34       0x38 arduino.ar(usb_cdcacm.c.o)
                0x08002a34                usb_cdcacm_peek
 .text.usb_cdcacm_rx
                0x08002a6c       0x34 arduino.ar(usb_cdcacm.c.o)
                0x08002a6c                usb_cdcacm_rx
 .text.usb_cdcacm_peek_ex
                0x08002aa0       0x40 arduino.ar(usb_cdcacm.c.o)
                0x08002aa0                usb_cdcacm_peek_ex
 .text.usb_cdcacm_get_dtr
                0x08002ae0       0x10 arduino.ar(usb_cdcacm.c.o)
                0x08002ae0                usb_cdcacm_get_dtr
 .text.usb_cdcacm_get_baud
                0x08002af0        0xc arduino.ar(usb_cdcacm.c.o)
                0x08002af0                usb_cdcacm_get_baud
 .text.usb_set_ep_rx_count
                0x08002afc       0x40 arduino.ar(usb_reg_map.c.o)
                0x08002afc                usb_set_ep_rx_count
 .text          0x08002b3c        0x2 arduino.ar(isrs.S.o)
                0x08002b3c                __exc_memmanage
                0x08002b3c                __stm32reservedexception9
                0x08002b3c                __irq_dma1_channel3
                0x08002b3c                __irq_i2c2_er
                0x08002b3c                __irq_i2c1_er
                0x08002b3c                __irq_dma1_channel6
                0x08002b3c                __exc_debug_monitor
                0x08002b3c                __irq_dma1_channel1
                0x08002b3c                __exc_svc
                0x08002b3c                __irq_dma1_channel4
                0x08002b3c                __irq_dma1_channel7
                0x08002b3c                __irq_exti0
                0x08002b3c                __exc_usagefault
                0x08002b3c                __irq_can_rx1
                0x08002b3c                __irq_spi2
                0x08002b3c                __irq_can_sce
                0x08002b3c                __irq_exti2
                0x08002b3c                __irq_exti3
                0x08002b3c                __irq_exti9_5
                0x08002b3c                __exc_busfault
                0x08002b3c                __irq_pvd
                0x08002b3c                __irq_tamper
                0x08002b3c                __default_handler
                0x08002b3c                __irq_wwdg
                0x08002b3c                __stm32reservedexception10
                0x08002b3c                __irq_flash
                0x08002b3c                __irq_i2c2_ev
                0x08002b3c                __irq_dma1_channel2
                0x08002b3c                __irq_dma1_channel5
                0x08002b3c                __stm32reservedexception13
                0x08002b3c                __exc_hardfault
                0x08002b3c                __irq_rtc
                0x08002b3c                __irq_spi1
                0x08002b3c                __stm32reservedexception7
                0x08002b3c                __irq_usb_hp_can_tx
                0x08002b3c                __irq_exti15_10
                0x08002b3c                __irq_exti4
                0x08002b3c                __exc_nmi
                0x08002b3c                __irq_rtcalarm
                0x08002b3c                __stm32reservedexception8
                0x08002b3c                __exc_pendsv
                0x08002b3c                __irq_i2c1_ev
                0x08002b3c                __irq_usbwakeup
                0x08002b3c                __irq_exti1
                0x08002b3c                __irq_rcc
 *fill*         0x08002b3e        0x2 
 .text.gpio_init_all
                0x08002b40       0x30 arduino.ar(gpio_f1.c.o)
                0x08002b40                gpio_init_all
 .text.gpio_set_mode
                0x08002b70       0x4c arduino.ar(gpio_f1.c.o)
                0x08002b70                gpio_set_mode
 .text.afio_init
                0x08002bbc       0x12 arduino.ar(gpio_f1.c.o)
                0x08002bbc                afio_init
 *fill*         0x08002bce        0x2 
 .text.rcc_configure_pll
                0x08002bd0       0x1c arduino.ar(rcc_f1.c.o)
                0x08002bd0                rcc_configure_pll
 .text.rcc_clk_enable
                0x08002bec       0x30 arduino.ar(rcc_f1.c.o)
                0x08002bec                rcc_clk_enable
 .text.rcc_reset_dev
                0x08002c1c       0x34 arduino.ar(rcc_f1.c.o)
                0x08002c1c                rcc_reset_dev
 .text.rcc_set_prescaler
                0x08002c50       0x20 arduino.ar(rcc_f1.c.o)
                0x08002c50                rcc_set_prescaler
 .text.rcc_clk_disable
                0x08002c70       0x30 arduino.ar(rcc_f1.c.o)
                0x08002c70                rcc_clk_disable
 .text.systick_init
                0x08002ca0       0x10 arduino.ar(systick.c.o)
                0x08002ca0                systick_init
 .text.__exc_systick
                0x08002cb0       0x1c arduino.ar(systick.c.o)
                0x08002cb0                __exc_systick
 .text.timer_oc_set_mode
                0x08002ccc       0x30 arduino.ar(timer.c.o)
 .text.timer_foreach
                0x08002cfc       0x2c arduino.ar(timer.c.o)
                0x08002cfc                timer_foreach
 .text.timer_init
                0x08002d28       0x14 arduino.ar(timer.c.o)
                0x08002d28                timer_init
 .text.timer_has_cc_channel
                0x08002d3c       0x30 arduino.ar(timer.c.o)
                0x08002d3c                timer_has_cc_channel
 .text.timer_detach_interrupt
                0x08002d6c       0x1e arduino.ar(timer.c.o)
                0x08002d6c                timer_detach_interrupt
 .text.timer_set_mode
                0x08002d8a       0x8a arduino.ar(timer.c.o)
                0x08002d8a                timer_set_mode
 .text.__irq_tim1_brk
                0x08002e14       0x24 arduino.ar(timer.c.o)
                0x08002e14                __irq_tim1_brk
 .text.__irq_tim1_up
                0x08002e38       0x24 arduino.ar(timer.c.o)
                0x08002e38                __irq_tim1_up
 .text.__irq_tim1_trg_com
                0x08002e5c       0x38 arduino.ar(timer.c.o)
                0x08002e5c                __irq_tim1_trg_com
 .text.__irq_tim1_cc
                0x08002e94       0x54 arduino.ar(timer.c.o)
                0x08002e94                __irq_tim1_cc
 .text.__irq_tim2
                0x08002ee8       0x70 arduino.ar(timer.c.o)
                0x08002ee8                __irq_tim2
 .text.__irq_tim3
                0x08002f58       0x70 arduino.ar(timer.c.o)
                0x08002f58                __irq_tim3
 .text.__irq_tim4
                0x08002fc8       0x70 arduino.ar(timer.c.o)
                0x08002fc8                __irq_tim4
 .text.startup._Z7premainv
                0x08003038        0x4 arduino.ar(main.cpp.o)
                0x08003038                premain()
 .text.startup.main
                0x0800303c        0xc arduino.ar(main.cpp.o)
                0x0800303c                main
 .text._Z12digitalWritehh
                0x08003048       0x2c arduino.ar(wirish_digital.cpp.o)
                0x08003048                digitalWrite(unsigned char, unsigned char)
 .text._ZL18adc_default_configP7adc_dev
                0x08003074       0x1c arduino.ar(boards.cpp.o)
 .text._ZL20timer_default_configP9timer_dev
                0x08003090       0xac arduino.ar(boards.cpp.o)
 .text._Z4initv
                0x0800313c       0xbc arduino.ar(boards.cpp.o)
                0x0800313c                init()
 .text._ZN6wirish4priv15board_reset_pllEv
                0x080031f8        0x2 arduino.ar(boards_setup.cpp.o)
                0x080031f8                wirish::priv::board_reset_pll()
 .text._ZN6wirish4priv28board_setup_clock_prescalersEv
                0x080031fa       0x30 arduino.ar(boards_setup.cpp.o)
                0x080031fa                wirish::priv::board_setup_clock_prescalers()
 .text._ZN6wirish4priv16board_setup_gpioEv
                0x0800322a        0x4 arduino.ar(boards_setup.cpp.o)
                0x0800322a                wirish::priv::board_setup_gpio()
 *fill*         0x0800322e        0x2 
 .text._ZN6wirish4priv15board_setup_usbEv
                0x08003230       0x54 arduino.ar(boards_setup.cpp.o)
                0x08003230                wirish::priv::board_setup_usb()
 .text._ZN6wirish4priv11series_initEv
                0x08003284        0x4 arduino.ar(boards_setup.cpp.o)
                0x08003284                wirish::priv::series_init()
 .text._Z9boardInitv
                0x08003288        0x4 arduino.ar(board.cpp.o)
                0x08003288                boardInit()
 .text.startup._GLOBAL__sub_I__Z9boardInitv
                0x0800328c       0x48 arduino.ar(board.cpp.o)
 .text._Z17disableDebugPortsv
                0x080032d4       0x14 arduino.ar(wirish_debug.cpp.o)
                0x080032d4                disableDebugPorts()
 .text.Standard_GetConfiguration
                0x080032e8       0x24 arduino.ar(usb_core.c.o)
                0x080032e8                Standard_GetConfiguration
 .text.Standard_GetInterface
                0x0800330c       0x24 arduino.ar(usb_core.c.o)
                0x0800330c                Standard_GetInterface
 .text.Standard_GetStatus
                0x08003330       0x90 arduino.ar(usb_core.c.o)
                0x08003330                Standard_GetStatus
 .text.DataStageIn
                0x080033c0       0xac arduino.ar(usb_core.c.o)
 .text.Standard_SetConfiguration
                0x0800346c       0x38 arduino.ar(usb_core.c.o)
                0x0800346c                Standard_SetConfiguration
 .text.Standard_SetInterface
                0x080034a4       0x48 arduino.ar(usb_core.c.o)
                0x080034a4                Standard_SetInterface
 .text.Standard_ClearFeature
                0x080034ec       0xcc arduino.ar(usb_core.c.o)
                0x080034ec                Standard_ClearFeature
 .text.Standard_SetEndPointFeature
                0x080035b8       0x84 arduino.ar(usb_core.c.o)
                0x080035b8                Standard_SetEndPointFeature
 .text.Standard_SetDeviceFeature
                0x0800363c       0x24 arduino.ar(usb_core.c.o)
                0x0800363c                Standard_SetDeviceFeature
 .text.Standard_GetDescriptorData
                0x08003660       0x1c arduino.ar(usb_core.c.o)
                0x08003660                Standard_GetDescriptorData
 .text.Post0_Process
                0x0800367c       0x40 arduino.ar(usb_core.c.o)
                0x0800367c                Post0_Process
 .text.Setup0_Process
                0x080036bc      0x2f0 arduino.ar(usb_core.c.o)
                0x080036bc                Setup0_Process
 .text.Out0_Process
                0x080039ac       0xc4 arduino.ar(usb_core.c.o)
                0x080039ac                Out0_Process
 .text.SetDeviceAddress
                0x08003a70       0x38 arduino.ar(usb_core.c.o)
                0x08003a70                SetDeviceAddress
 .text.In0_Process
                0x08003aa8       0x5c arduino.ar(usb_core.c.o)
                0x08003aa8                In0_Process
 .text.NOP_Process
                0x08003b04        0x2 arduino.ar(usb_core.c.o)
                0x08003b04                NOP_Process
 .text.UserToPMABufferCopy
                0x08003b06       0x24 arduino.ar(usb_mem.c.o)
                0x08003b06                UserToPMABufferCopy
 .text.PMAToUserBufferCopy
                0x08003b2a       0x24 arduino.ar(usb_mem.c.o)
                0x08003b2a                PMAToUserBufferCopy
 .text.SetEPTxStatus
                0x08003b4e       0x2a arduino.ar(usb_regs.c.o)
                0x08003b4e                SetEPTxStatus
 .text.ClearDTOG_RX
                0x08003b78       0x20 arduino.ar(usb_regs.c.o)
                0x08003b78                ClearDTOG_RX
 .text.ClearDTOG_TX
                0x08003b98       0x20 arduino.ar(usb_regs.c.o)
                0x08003b98                ClearDTOG_TX
 .text.SetEPTxCount
                0x08003bb8       0x1c arduino.ar(usb_regs.c.o)
                0x08003bb8                SetEPTxCount
 .text.SetEPRxCount
                0x08003bd4       0x40 arduino.ar(usb_regs.c.o)
                0x08003bd4                SetEPRxCount
 .text.GetEPDblBuf0Addr
                0x08003c14       0x1c arduino.ar(usb_regs.c.o)
                0x08003c14                GetEPDblBuf0Addr
 .text.GetEPTxAddr
                0x08003c30        0x4 arduino.ar(usb_regs.c.o)
                0x08003c30                GetEPTxAddr
 .text.GetEPDblBuf1Addr
                0x08003c34       0x1c arduino.ar(usb_regs.c.o)
                0x08003c34                GetEPDblBuf1Addr
 .text.GetEPRxAddr
                0x08003c50        0x4 arduino.ar(usb_regs.c.o)
                0x08003c50                GetEPRxAddr
 .text.adc_init
                0x08003c54       0x14 arduino.ar(adc.c.o)
                0x08003c54                adc_init
 .text.adc_set_extsel
                0x08003c68       0x12 arduino.ar(adc.c.o)
                0x08003c68                adc_set_extsel
 .text.adc_set_sample_rate
                0x08003c7a       0x34 arduino.ar(adc.c.o)
                0x08003c7a                adc_set_sample_rate
 *fill*         0x08003cae        0x2 
 .text.__irq_adc
                0x08003cb0       0x54 arduino.ar(adc_f1.c.o)
                0x08003cb0                __irq_adc
 .text.adc_calibrate
                0x08003d04       0x24 arduino.ar(adc_f1.c.o)
                0x08003d04                adc_calibrate
 .text.adc_set_prescaler
                0x08003d28        0x8 arduino.ar(adc_f1.c.o)
                0x08003d28                adc_set_prescaler
 .text.adc_foreach
                0x08003d30       0x20 arduino.ar(adc_f1.c.o)
                0x08003d30                adc_foreach
 .text.adc_enable_single_swstart
                0x08003d50       0x36 arduino.ar(adc_f1.c.o)
                0x08003d50                adc_enable_single_swstart
 *fill*         0x08003d86        0x2 
 .text.flash_set_latency
                0x08003d88       0x14 arduino.ar(flash.c.o)
                0x08003d88                flash_set_latency
 .text.gpio_init
                0x08003d9c       0x14 arduino.ar(gpio.c.o)
                0x08003d9c                gpio_init
 .text.nvic_irq_set_priority
                0x08003db0       0x28 arduino.ar(nvic.c.o)
                0x08003db0                nvic_irq_set_priority
 .text.nvic_init
                0x08003dd8       0x30 arduino.ar(nvic.c.o)
                0x08003dd8                nvic_init
 .text.nvic_sys_reset
                0x08003e08       0x1c arduino.ar(nvic.c.o)
                0x08003e08                nvic_sys_reset
 .text.rcc_dev_clk
                0x08003e24        0xc arduino.ar(rcc.c.o)
                0x08003e24                rcc_dev_clk
 .text.rcc_switch_sysclk
                0x08003e30       0x20 arduino.ar(rcc.c.o)
                0x08003e30                rcc_switch_sysclk
 .text.rcc_turn_on_clk
                0x08003e50       0x1a arduino.ar(rcc.c.o)
                0x08003e50                rcc_turn_on_clk
 .text.rcc_turn_off_clk
                0x08003e6a       0x1c arduino.ar(rcc.c.o)
                0x08003e6a                rcc_turn_off_clk
 .text.rcc_is_clk_ready
                0x08003e86       0x18 arduino.ar(rcc.c.o)
                0x08003e86                rcc_is_clk_ready
 .text.rb_remove
                0x08003e9e       0x24 arduino.ar(usart_f1.c.o)
 .text.rb_push_insert
                0x08003ec2       0x52 arduino.ar(usart_f1.c.o)
 .text.__irq_usart1
                0x08003f14       0x54 arduino.ar(usart_f1.c.o)
                0x08003f14                __irq_usart1
 .text.__irq_usart2
                0x08003f68       0x54 arduino.ar(usart_f1.c.o)
                0x08003f68                __irq_usart2
 .text.__irq_usart3
                0x08003fbc       0x54 arduino.ar(usart_f1.c.o)
                0x08003fbc                __irq_usart3
 .text._ZN14HardwareSerial4readEv
                0x08004010       0x4e arduino.ar(HardwareSerial.cpp.o)
                0x08004010                HardwareSerial::read()
 .text._ZN14HardwareSerial4peekEv
                0x0800405e       0x22 arduino.ar(HardwareSerial.cpp.o)
                0x0800405e                HardwareSerial::peek()
 .text._ZN14HardwareSerial5flushEv
                0x08004080       0x1a arduino.ar(HardwareSerial.cpp.o)
                0x08004080                HardwareSerial::flush()
 .text._ZN14HardwareSerial5writeEh
                0x0800409a       0x1e arduino.ar(HardwareSerial.cpp.o)
                0x0800409a                HardwareSerial::write(unsigned char)
 .text._ZN14HardwareSerial9availableEv
                0x080040b8       0x26 arduino.ar(HardwareSerial.cpp.o)
                0x080040b8                HardwareSerial::available()
 *fill*         0x080040de        0x2 
 .text._ZN14HardwareSerialC2EP9usart_devhh
                0x080040e0       0x1c arduino.ar(HardwareSerial.cpp.o)
                0x080040e0                HardwareSerial::HardwareSerial(usart_dev*, unsigned char, unsigned char)
                0x080040e0                HardwareSerial::HardwareSerial(usart_dev*, unsigned char, unsigned char)
 .text._ZN5Print5writeEPKc
                0x080040fc       0x1c arduino.ar(Print.cpp.o)
                0x080040fc                Print::write(char const*)
 .text._ZN5Print5writeEPKvm
                0x08004118       0x20 arduino.ar(Print.cpp.o)
                0x08004118                Print::write(void const*, unsigned long)
 .text._ZN9USBSerial9availableEv
                0x08004138        0x4 arduino.ar(usb_serial.cpp.o)
                0x08004138                USBSerial::available()
 .text._ZN9USBSerial4peekEv
                0x0800413c       0x1e arduino.ar(usb_serial.cpp.o)
                0x0800413c                USBSerial::peek()
 .text._ZN9USBSerial4readEv
                0x0800415a       0x1e arduino.ar(usb_serial.cpp.o)
                0x0800415a                USBSerial::read()
 .text._ZL14ifaceSetupHookjPv
                0x08004178       0x58 arduino.ar(usb_serial.cpp.o)
 .text._ZL6rxHookjPv
                0x080041d0       0x88 arduino.ar(usb_serial.cpp.o)
 .text._ZL10wait_resetv
                0x08004258       0x10 arduino.ar(usb_serial.cpp.o)
 .text._ZN9USBSerialC2Ev
                0x08004268       0x14 arduino.ar(usb_serial.cpp.o)
                0x08004268                USBSerial::USBSerial()
                0x08004268                USBSerial::USBSerial()
 .text._ZN9USBSerial5beginEv
                0x0800427c       0x34 arduino.ar(usb_serial.cpp.o)
                0x0800427c                USBSerial::begin()
 .text._ZN9USBSerial4readEPhm
                0x080042b0       0x1c arduino.ar(usb_serial.cpp.o)
                0x080042b0                USBSerial::read(unsigned char*, unsigned long)
 .text._ZN9USBSerial5flushEv
                0x080042cc       0x1c arduino.ar(usb_serial.cpp.o)
                0x080042cc                USBSerial::flush()
 .text._ZN9USBSerialcvbEv
                0x080042e8       0x20 arduino.ar(usb_serial.cpp.o)
                0x080042e8                USBSerial::operator bool()
 .text._ZN9USBSerial5writeEPKhm
                0x08004308       0x24 arduino.ar(usb_serial.cpp.o)
                0x08004308                USBSerial::write(unsigned char const*, unsigned long)
 .text._ZN9USBSerial5writeEh
                0x0800432c       0x18 arduino.ar(usb_serial.cpp.o)
                0x0800432c                USBSerial::write(unsigned char)
 .text._ZN9USBSerial5writeEPKc
                0x08004344       0x1a arduino.ar(usb_serial.cpp.o)
                0x08004344                USBSerial::write(char const*)
 *fill*         0x0800435e        0x2 
 .text.startup._GLOBAL__sub_I__ZN9USBSerial9_hasBegunE
                0x08004360        0xc arduino.ar(usb_serial.cpp.o)
 .text.iwdg_init
                0x0800436c       0x20 arduino.ar(iwdg.c.o)
                0x0800436c                iwdg_init
 .text.usart_tx
                0x0800438c       0xa6 arduino.ar(usart.c.o)
                0x0800438c                usart_tx
 *fill*         0x08004432        0x2 
 .text.exit     0x08004434       0x20 c:/users/lucifer/appdata/local/arduino15/packages/arduino/tools/arm-none-eabi-gcc/4.8.3-2014q1/bin/../lib/gcc/arm-none-eabi/5.4.1/../../../../arm-none-eabi/lib/armv7-m\libc.a(lib_a-exit.o)
                0x08004434                exit
 .text.__libc_init_array
                0x08004454       0x50 c:/users/lucifer/appdata/local/arduino15/packages/arduino/tools/arm-none-eabi-gcc/4.8.3-2014q1/bin/../lib/gcc/arm-none-eabi/5.4.1/../../../../arm-none-eabi/lib/armv7-m\libc.a(lib_a-init.o)
                0x08004454                __libc_init_array
 .text.strlen   0x080044a4       0x5c c:/users/lucifer/appdata/local/arduino15/packages/arduino/tools/arm-none-eabi-gcc/4.8.3-2014q1/bin/../lib/gcc/arm-none-eabi/5.4.1/../../../../arm-none-eabi/lib/armv7-m\libc.a(lib_a-strlen-stub.o)
                0x080044a4                strlen
 .text.startup.register_fini
                0x08004500       0x14 c:/users/lucifer/appdata/local/arduino15/packages/arduino/tools/arm-none-eabi-gcc/4.8.3-2014q1/bin/../lib/gcc/arm-none-eabi/5.4.1/../../../../arm-none-eabi/lib/armv7-m\libc.a(lib_a-__call_atexit.o)
 .text.__call_exitprocs
                0x08004514       0xd8 c:/users/lucifer/appdata/local/arduino15/packages/arduino/tools/arm-none-eabi-gcc/4.8.3-2014q1/bin/../lib/gcc/arm-none-eabi/5.4.1/../../../../arm-none-eabi/lib/armv7-m\libc.a(lib_a-__call_atexit.o)
                0x08004514                __call_exitprocs
 .text.atexit   0x080045ec        0xc c:/users/lucifer/appdata/local/arduino15/packages/arduino/tools/arm-none-eabi-gcc/4.8.3-2014q1/bin/../lib/gcc/arm-none-eabi/5.4.1/../../../../arm-none-eabi/lib/armv7-m\libc.a(lib_a-atexit.o)
                0x080045ec                atexit
 .text.__libc_fini_array
                0x080045f8       0x28 c:/users/lucifer/appdata/local/arduino15/packages/arduino/tools/arm-none-eabi-gcc/4.8.3-2014q1/bin/../lib/gcc/arm-none-eabi/5.4.1/../../../../arm-none-eabi/lib/armv7-m\libc.a(lib_a-fini.o)
                0x080045f8                __libc_fini_array
 .text.__register_exitproc
                0x08004620       0xa4 c:/users/lucifer/appdata/local/arduino15/packages/arduino/tools/arm-none-eabi-gcc/4.8.3-2014q1/bin/../lib/gcc/arm-none-eabi/5.4.1/../../../../arm-none-eabi/lib/armv7-m\libc.a(lib_a-__atexit.o)
                0x08004620                __register_exitproc
 .text._exit    0x080046c4        0x4 c:/users/lucifer/appdata/local/arduino15/packages/arduino/tools/arm-none-eabi-gcc/4.8.3-2014q1/bin/../lib/gcc/arm-none-eabi/5.4.1/../../../../arm-none-eabi/lib/armv7-m\libnosys.a(_exit.o)
                0x080046c4                _exit
 *(.plt)
 *(.gnu.warning)
 *(.glue_7t)
 .glue_7t       0x080046c8        0x0 linker stubs
 *(.glue_7)
 .glue_7        0x080046c8        0x0 linker stubs
 *(.vfp11_veneer)
 .vfp11_veneer  0x080046c8        0x0 linker stubs
 *(.ARM.extab* .gnu.linkonce.armextab.*)
 *(.gcc_except_table)
 *(.eh_frame_hdr)
 *(.eh_frame)
 .eh_frame      0x080046c8        0x0 c:/users/lucifer/appdata/local/arduino15/packages/arduino/tools/arm-none-eabi-gcc/4.8.3-2014q1/bin/../lib/gcc/arm-none-eabi/5.4.1/armv7-m/crtbegin.o
                0x080046c8                . = ALIGN (0x4)
 *(.init)
 .init          0x080046c8        0x4 c:/users/lucifer/appdata/local/arduino15/packages/arduino/tools/arm-none-eabi-gcc/4.8.3-2014q1/bin/../lib/gcc/arm-none-eabi/5.4.1/armv7-m/crti.o
                0x080046c8                _init
 .init          0x080046cc        0x8 c:/users/lucifer/appdata/local/arduino15/packages/arduino/tools/arm-none-eabi-gcc/4.8.3-2014q1/bin/../lib/gcc/arm-none-eabi/5.4.1/armv7-m/crtn.o
                0x080046d4                . = ALIGN (0x4)
                0x080046d4                __preinit_array_start = .
 *(.preinit_array)
                0x080046d4                __preinit_array_end = .
                0x080046d4                . = ALIGN (0x4)
                0x080046d4                __init_array_start = .
 *(SORT(.init_array.*))
 .init_array.00000
                0x080046d4        0x4 c:/users/lucifer/appdata/local/arduino15/packages/arduino/tools/arm-none-eabi-gcc/4.8.3-2014q1/bin/../lib/gcc/arm-none-eabi/5.4.1/../../../../arm-none-eabi/lib/armv7-m\libc.a(lib_a-__call_atexit.o)
 .init_array.00101
                0x080046d8        0x4 arduino.ar(main.cpp.o)
 *(.init_array)
 .init_array    0x080046dc        0x4 c:/users/lucifer/appdata/local/arduino15/packages/arduino/tools/arm-none-eabi-gcc/4.8.3-2014q1/bin/../lib/gcc/arm-none-eabi/5.4.1/armv7-m/crtbegin.o
 .init_array    0x080046e0        0x4 arduino.ar(board.cpp.o)
 .init_array    0x080046e4        0x4 arduino.ar(usb_serial.cpp.o)
                0x080046e8                __init_array_end = .
                0x080046e8                . = ALIGN (0x4)
 *crtbegin.o(.ctors)
 *(EXCLUDE_FILE(*crtend.o) .ctors)
 *(SORT(.ctors.*))
 *crtend.o(.ctors)
                0x080046e8                . = ALIGN (0x4)
 *(.fini)
 .fini          0x080046e8        0x4 c:/users/lucifer/appdata/local/arduino15/packages/arduino/tools/arm-none-eabi-gcc/4.8.3-2014q1/bin/../lib/gcc/arm-none-eabi/5.4.1/armv7-m/crti.o
                0x080046e8                _fini
 .fini          0x080046ec        0x8 c:/users/lucifer/appdata/local/arduino15/packages/arduino/tools/arm-none-eabi-gcc/4.8.3-2014q1/bin/../lib/gcc/arm-none-eabi/5.4.1/armv7-m/crtn.o
                0x080046f4                . = ALIGN (0x4)
                0x080046f4                __fini_array_start = .
 *(.fini_array)
 .fini_array    0x080046f4        0x4 c:/users/lucifer/appdata/local/arduino15/packages/arduino/tools/arm-none-eabi-gcc/4.8.3-2014q1/bin/../lib/gcc/arm-none-eabi/5.4.1/armv7-m/crtbegin.o
 *(SORT(.fini_array.*))
                0x080046f8                __fini_array_end = .
 *crtbegin.o(.dtors)
 *(EXCLUDE_FILE(*crtend.o) .dtors)
 *(SORT(.dtors.*))
 *crtend.o(.dtors)

.v4_bx          0x080046f8        0x0
 .v4_bx         0x080046f8        0x0 linker stubs

.iplt           0x080046f8        0x0
 .iplt          0x080046f8        0x0 c:/users/lucifer/appdata/local/arduino15/packages/arduino/tools/arm-none-eabi-gcc/4.8.3-2014q1/bin/../lib/gcc/arm-none-eabi/5.4.1/armv7-m/crtbegin.o

.text.align     0x080046f8        0x0
                0x080046f8                . = ALIGN (0x8)
                0x080046f8                __text_end__ = .
                0x080046f8                __exidx_start = .

.ARM.exidx      0x080046f8        0x8
 *(.ARM.exidx* .gnu.linkonce.armexidx.*)
 .ARM.exidx     0x080046f8        0x8 arduino.ar(start.S.o)
                0x08004700                __exidx_end = .

.data           0x20000000      0x7e0 load address 0x08004700
                0x20000000                __data_start__ = .
                0x20000000        0x4 LONG 0x0
                0x20000008                . = ALIGN (0x8)
 *fill*         0x20000004        0x4 
 *(.got.plt)
 *(.got)
 *(.data .data.* .gnu.linkonce.d.*)
 .data.interval
                0x20000008        0x4 ./.ino.cpp.o
                0x20000008                interval
 .data.USBLIB   0x2000000c        0x4 arduino.ar(usb.c.o)
                0x2000000c                USBLIB
 .data.usblib   0x20000010       0x10 arduino.ar(usb.c.o)
 .data.Config_Descriptor
                0x20000020        0x8 arduino.ar(usb_cdcacm.c.o)
 .data.ep_int_in
                0x20000028       0x1c arduino.ar(usb_cdcacm.c.o)
 .data.ep_int_out
                0x20000044       0x1c arduino.ar(usb_cdcacm.c.o)
 .data.line_coding
                0x20000060        0x7 arduino.ar(usb_cdcacm.c.o)
 *fill*         0x20000067        0x1 
 .data.String_Descriptor
                0x20000068       0x18 arduino.ar(usb_cdcacm.c.o)
 .data.Device_Property
                0x20000080       0x30 arduino.ar(usb_cdcacm.c.o)
                0x20000080                Device_Property
 .data.User_Standard_Requests
                0x200000b0       0x24 arduino.ar(usb_cdcacm.c.o)
                0x200000b0                User_Standard_Requests
 .data.Device_Descriptor
                0x200000d4        0x8 arduino.ar(usb_cdcacm.c.o)
 .data.Device_Table
                0x200000dc        0x2 arduino.ar(usb_cdcacm.c.o)
                0x200000dc                Device_Table
 *fill*         0x200000de        0x2 
 .data.gpioa    0x200000e0        0x8 arduino.ar(gpio_f1.c.o)
                0x200000e0                gpioa
 .data.gpiob    0x200000e8        0x8 arduino.ar(gpio_f1.c.o)
                0x200000e8                gpiob
 .data.gpioc    0x200000f0        0x8 arduino.ar(gpio_f1.c.o)
                0x200000f0                gpioc
 .data.gpiod    0x200000f8        0x8 arduino.ar(gpio_f1.c.o)
                0x200000f8                gpiod
 .data.reset_regs.4521
                0x20000100        0x8 arduino.ar(rcc_f1.c.o)
 .data.enable_regs.4517
                0x20000108        0xc arduino.ar(rcc_f1.c.o)
 .data.enable_regs.4530
                0x20000114        0xc arduino.ar(rcc_f1.c.o)
 .data.timer3   0x20000120       0x24 arduino.ar(timer.c.o)
                0x20000120                timer3
 .data.timer4   0x20000144       0x24 arduino.ar(timer.c.o)
                0x20000144                timer4
 .data.timer1   0x20000168       0x28 arduino.ar(timer.c.o)
                0x20000168                timer1
 .data.timer2   0x20000190       0x24 arduino.ar(timer.c.o)
                0x20000190                timer2
 .data._ZN6wirish4privL8pll_dataE
                0x200001b4        0x4 arduino.ar(boards_setup.cpp.o)
 .data._ZN6wirish4priv9w_adc_smpE
                0x200001b8        0x1 arduino.ar(boards_setup.cpp.o)
                0x200001b8                wirish::priv::w_adc_smp
 *fill*         0x200001b9        0x1 
 .data._ZN6wirish4priv9w_adc_preE
                0x200001ba        0x2 arduino.ar(boards_setup.cpp.o)
                0x200001ba                wirish::priv::w_adc_pre
 .data._ZN6wirish4priv15w_board_pll_cfgE
                0x200001bc        0x8 arduino.ar(boards_setup.cpp.o)
                0x200001bc                wirish::priv::w_board_pll_cfg
 .data.adc1     0x200001c4       0x18 arduino.ar(adc_f1.c.o)
                0x200001c4                adc1
 .data.adc2     0x200001dc        0x8 arduino.ar(adc_f1.c.o)
                0x200001dc                adc2
 .data.ADC1     0x200001e4        0x4 arduino.ar(adc_f1.c.o)
                0x200001e4                ADC1
 .data.ADC2     0x200001e8        0x4 arduino.ar(adc_f1.c.o)
                0x200001e8                ADC2
 .data.USART1   0x200001ec        0x4 arduino.ar(usart_f1.c.o)
                0x200001ec                USART1
 .data.USART2   0x200001f0        0x4 arduino.ar(usart_f1.c.o)
                0x200001f0                USART2
 .data.USART3   0x200001f4        0x4 arduino.ar(usart_f1.c.o)
                0x200001f4                USART3
 .data.usart1   0x200001f8       0x94 arduino.ar(usart_f1.c.o)
 .data.usart2   0x2000028c       0x94 arduino.ar(usart_f1.c.o)
 .data.usart3   0x20000320       0x94 arduino.ar(usart_f1.c.o)
 *fill*         0x200003b4        0x4 
 .data.impure_data
                0x200003b8      0x428 c:/users/lucifer/appdata/local/arduino15/packages/arduino/tools/arm-none-eabi-gcc/4.8.3-2014q1/bin/../lib/gcc/arm-none-eabi/5.4.1/../../../../arm-none-eabi/lib/armv7-m\libc.a(lib_a-impure.o)
                0x200007e0                . = ALIGN (0x8)
                0x200007e0                __data_end__ = .

.jcr            0x200007e0        0x0 load address 0x08004ee0
 .jcr           0x200007e0        0x0 c:/users/lucifer/appdata/local/arduino15/packages/arduino/tools/arm-none-eabi-gcc/4.8.3-2014q1/bin/../lib/gcc/arm-none-eabi/5.4.1/armv7-m/crtbegin.o

.igot.plt       0x200007e0        0x0 load address 0x08004ee0
 .igot.plt      0x200007e0        0x0 c:/users/lucifer/appdata/local/arduino15/packages/arduino/tools/arm-none-eabi-gcc/4.8.3-2014q1/bin/../lib/gcc/arm-none-eabi/5.4.1/armv7-m/crtbegin.o

.rodata         0x08004ee0      0x368
 *(.rodata .rodata.* .gnu.linkonce.r.*)
 .rodata.usbVcomDescriptor_iProduct
                0x08004ee0        0xc arduino.ar(usb_cdcacm.c.o)
 .rodata.usbVcomDescriptor_iManufacturer
                0x08004eec       0x12 arduino.ar(usb_cdcacm.c.o)
 .rodata.usbVcomDescriptor_Device
                0x08004efe       0x12 arduino.ar(usb_cdcacm.c.o)
 .rodata.usbVcomDescriptor_Config
                0x08004f10       0x43 arduino.ar(usb_cdcacm.c.o)
 .rodata.usbVcomDescriptor_LangID
                0x08004f53        0x4 arduino.ar(usb_cdcacm.c.o)
 .rodata.rcc_dev_table
                0x08004f57       0x5c arduino.ar(rcc_f1.c.o)
                0x08004f57                rcc_dev_table
 *fill*         0x08004fb3        0x1 
 .rodata.masks.4526
                0x08004fb4       0x14 arduino.ar(rcc_f1.c.o)
 .rodata.PIN_MAP
                0x08004fc8      0x230 arduino.ar(board.cpp.o)
                0x08004fc8                PIN_MAP
 .rodata._ZTV14HardwareSerial
                0x080051f8       0x24 arduino.ar(HardwareSerial.cpp.o)
                0x080051f8                vtable for HardwareSerial
 .rodata._ZTV9USBSerial
                0x0800521c       0x24 arduino.ar(usb_serial.cpp.o)
                0x0800521c                vtable for USBSerial
 .rodata._global_impure_ptr
                0x08005240        0x4 c:/users/lucifer/appdata/local/arduino15/packages/arduino/tools/arm-none-eabi-gcc/4.8.3-2014q1/bin/../lib/gcc/arm-none-eabi/5.4.1/../../../../arm-none-eabi/lib/armv7-m\libc.a(lib_a-impure.o)
                0x08005240                _global_impure_ptr
 *(.USER_FLASH)
                0x08005244                . = ALIGN (0x4)
                0x08005244                _lm_rom_img_cfgp = .
                0x08005244        0x4 LONG 0x8004700 LOADADDR (.data)
                0x20000b10                _lm_heap_start = DEFINED (_lm_heap_start)?_lm_heap_start:_end
                0x20005000                _lm_heap_end = DEFINED (_lm_heap_end)?_lm_heap_end:__msp_init

.rel.dyn        0x08005248        0x0
 .rel.iplt      0x08005248        0x0 c:/users/lucifer/appdata/local/arduino15/packages/arduino/tools/arm-none-eabi-gcc/4.8.3-2014q1/bin/../lib/gcc/arm-none-eabi/5.4.1/armv7-m/crtbegin.o

.bss            0x200007e0      0x330
                0x200007e0                . = ALIGN (0x8)
                0x200007e0                __bss_start__ = .
 *(.bss .bss.* .gnu.linkonce.b.*)
 .bss           0x200007e0       0x1c c:/users/lucifer/appdata/local/arduino15/packages/arduino/tools/arm-none-eabi-gcc/4.8.3-2014q1/bin/../lib/gcc/arm-none-eabi/5.4.1/armv7-m/crtbegin.o
 .bss.previousMillis
                0x200007fc        0x4 ./.ino.cpp.o
                0x200007fc                previousMillis
 .bss.ledState  0x20000800        0x1 ./.ino.cpp.o
                0x20000800                ledState
 .bss.line_dtr_rts
                0x20000801        0x1 arduino.ar(usb_cdcacm.c.o)
 .bss.transmitting
                0x20000802        0x1 arduino.ar(usb_cdcacm.c.o)
 .bss.vcomBufferTx
                0x20000803      0x100 arduino.ar(usb_cdcacm.c.o)
 *fill*         0x20000903        0x1 
 .bss.tx_head   0x20000904        0x4 arduino.ar(usb_cdcacm.c.o)
 .bss.rx_hook   0x20000908        0x4 arduino.ar(usb_cdcacm.c.o)
 .bss.rx_head   0x2000090c        0x4 arduino.ar(usb_cdcacm.c.o)
 .bss.vcomBufferRx
                0x20000910      0x100 arduino.ar(usb_cdcacm.c.o)
 .bss.rx_tail   0x20000a10        0x4 arduino.ar(usb_cdcacm.c.o)
 .bss.iface_setup_hook
                0x20000a14        0x4 arduino.ar(usb_cdcacm.c.o)
 .bss.tx_tail   0x20000a18        0x4 arduino.ar(usb_cdcacm.c.o)
 .bss.systick_user_callback
                0x20000a1c        0x4 arduino.ar(systick.c.o)
 .bss.Serial1   0x20000a20       0x18 arduino.ar(board.cpp.o)
                0x20000a20                Serial1
 .bss.Serial2   0x20000a38       0x18 arduino.ar(board.cpp.o)
                0x20000a38                Serial2
 .bss.Serial3   0x20000a50       0x18 arduino.ar(board.cpp.o)
                0x20000a50                Serial3
 .bss.Data_Mul_MaxPacketSize
                0x20000a68        0x1 arduino.ar(usb_core.c.o)
                0x20000a68                Data_Mul_MaxPacketSize
 *fill*         0x20000a69        0x3 
 .bss.usart1_wb
                0x20000a6c        0xc arduino.ar(usart_f1.c.o)
 .bss.usart1_rb
                0x20000a78        0xc arduino.ar(usart_f1.c.o)
 .bss.usart2_rb
                0x20000a84        0xc arduino.ar(usart_f1.c.o)
 .bss.usart3_rb
                0x20000a90        0xc arduino.ar(usart_f1.c.o)
 .bss.usart2_wb
                0x20000a9c        0xc arduino.ar(usart_f1.c.o)
 .bss.usart3_wb
                0x20000aa8        0xc arduino.ar(usart_f1.c.o)
 .bss._ZN9USBSerial9_hasBegunE
                0x20000ab4        0x1 arduino.ar(usb_serial.cpp.o)
                0x20000ab4                USBSerial::_hasBegun
 *fill*         0x20000ab5        0x3 
 .bss.Serial    0x20000ab8       0x10 arduino.ar(usb_serial.cpp.o)
                0x20000ab8                Serial
 .bss._ZL11reset_state
                0x20000ac8        0x1 arduino.ar(usb_serial.cpp.o)
 *(COMMON)
 *fill*         0x20000ac9        0x1 
 COMMON         0x20000aca        0x6 arduino.ar(usb.c.o)
                0x20000aca                SaveRState
                0x20000acc                SaveTState
                0x20000ace                ResumeS
 COMMON         0x20000ad0        0x4 arduino.ar(systick.c.o)
                0x20000ad0                systick_uptime_millis
 COMMON         0x20000ad4        0x2 arduino.ar(usb_core.c.o)
                0x20000ad4                StatusInfo
 *fill*         0x20000ad6        0x2 
 COMMON         0x20000ad8       0x32 arduino.ar(usb_init.c.o)
                0x20000ad8                SaveState
                0x20000adc                pProperty
                0x20000ae0                EPindex
                0x20000ae4                Device_Info
                0x20000b00                pUser_Standard_Requests
                0x20000b04                pInformation
                0x20000b08                wInterrupt_Mask
                0x20000b10                . = ALIGN (0x8)
 *fill*         0x20000b0a        0x6 
                0x20000b10                __bss_end__ = .
                0x20000b10                _end = __bss_end__

.stab
 *(.stab)

.stabstr
 *(.stabstr)

.debug
 *(.debug)

.line
 *(.line)

.debug_srcinfo
 *(.debug_srcinfo)

.debug_sfnames
 *(.debug_sfnames)

.debug_aranges  0x00000000      0xbf8
 *(.debug_aranges)
 .debug_aranges
                0x00000000       0x28 ./.ino.cpp.o
 .debug_aranges
                0x00000028       0x18 ./src/HiveX_serial.cpp.o
 .debug_aranges
                0x00000040       0x20 ./src/HiveX_sys.cpp.o
 .debug_aranges
                0x00000060       0x20 arduino.ar(start.S.o)
 .debug_aranges
                0x00000080       0x20 arduino.ar(start_c.c.o)
 .debug_aranges
                0x000000a0       0x20 arduino.ar(wirish_digital_f1.cpp.o)
 .debug_aranges
                0x000000c0       0x38 arduino.ar(usb.c.o)
 .debug_aranges
                0x000000f8      0x128 arduino.ar(usb_cdcacm.c.o)
 .debug_aranges
                0x00000220       0x20 arduino.ar(usb_reg_map.c.o)
 .debug_aranges
                0x00000240       0x20 arduino.ar(isrs.S.o)
 .debug_aranges
                0x00000260       0x40 arduino.ar(gpio_f1.c.o)
 .debug_aranges
                0x000002a0       0x48 arduino.ar(rcc_f1.c.o)
 .debug_aranges
                0x000002e8       0x40 arduino.ar(systick.c.o)
 .debug_aranges
                0x00000328       0x98 arduino.ar(timer.c.o)
 .debug_aranges
                0x000003c0       0x28 arduino.ar(main.cpp.o)
 .debug_aranges
                0x000003e8       0x28 arduino.ar(wirish_digital.cpp.o)
 .debug_aranges
                0x00000410       0x40 arduino.ar(boards.cpp.o)
 .debug_aranges
                0x00000450       0x40 arduino.ar(boards_setup.cpp.o)
 .debug_aranges
                0x00000490       0x28 arduino.ar(board.cpp.o)
 .debug_aranges
                0x000004b8       0x28 arduino.ar(wirish_debug.cpp.o)
 .debug_aranges
                0x000004e0       0x98 arduino.ar(usb_core.c.o)
 .debug_aranges
                0x00000578       0x20 arduino.ar(usb_init.c.o)
 .debug_aranges
                0x00000598       0x28 arduino.ar(usb_mem.c.o)
 .debug_aranges
                0x000005c0      0x1a0 arduino.ar(usb_regs.c.o)
 .debug_aranges
                0x00000760       0x38 arduino.ar(adc.c.o)
 .debug_aranges
                0x00000798       0x58 arduino.ar(adc_f1.c.o)
 .debug_aranges
                0x000007f0       0x20 arduino.ar(flash.c.o)
 .debug_aranges
                0x00000810       0x20 arduino.ar(gpio.c.o)
 .debug_aranges
                0x00000830       0x38 arduino.ar(nvic.c.o)
 .debug_aranges
                0x00000868       0x48 arduino.ar(rcc.c.o)
 .debug_aranges
                0x000008b0       0x58 arduino.ar(usart_f1.c.o)
 .debug_aranges
                0x00000908       0x20 arduino.ar(usart_private.c.o)
 .debug_aranges
                0x00000928       0x68 arduino.ar(HardwareSerial.cpp.o)
 .debug_aranges
                0x00000990      0x110 arduino.ar(Print.cpp.o)
 .debug_aranges
                0x00000aa0       0x20 arduino.ar(cxxabi-compat.cpp.o)
 .debug_aranges
                0x00000ac0       0xc8 arduino.ar(usb_serial.cpp.o)
 .debug_aranges
                0x00000b88       0x28 arduino.ar(iwdg.c.o)
 .debug_aranges
                0x00000bb0       0x48 arduino.ar(usart.c.o)

.debug_pubnames
 *(.debug_pubnames)

.debug_info     0x00000000    0x194e0
 *(.debug_info .gnu.linkonce.wi.*)
 .debug_info    0x00000000      0x36c ./.ino.cpp.o
 .debug_info    0x0000036c      0x11a ./src/HiveX_serial.cpp.o
 .debug_info    0x00000486      0x137 ./src/HiveX_sys.cpp.o
 .debug_info    0x000005bd       0xae arduino.ar(start.S.o)
 .debug_info    0x0000066b      0x154 arduino.ar(start_c.c.o)
 .debug_info    0x000007bf      0xc99 arduino.ar(wirish_digital_f1.cpp.o)
 .debug_info    0x00001458      0xcbd arduino.ar(usb.c.o)
 .debug_info    0x00002115     0x239d arduino.ar(usb_cdcacm.c.o)
 .debug_info    0x000044b2      0x27f arduino.ar(usb_reg_map.c.o)
 .debug_info    0x00004731       0xb3 arduino.ar(isrs.S.o)
 .debug_info    0x000047e4      0x6d4 arduino.ar(gpio_f1.c.o)
 .debug_info    0x00004eb8      0xb61 arduino.ar(rcc_f1.c.o)
 .debug_info    0x00005a19      0x182 arduino.ar(systick.c.o)
 .debug_info    0x00005b9b     0x1ad4 arduino.ar(timer.c.o)
 .debug_info    0x0000766f       0xa5 arduino.ar(main.cpp.o)
 .debug_info    0x00007714      0xb46 arduino.ar(wirish_digital.cpp.o)
 .debug_info    0x0000825a     0x13bf arduino.ar(boards.cpp.o)
 .debug_info    0x00009619     0x10e4 arduino.ar(boards_setup.cpp.o)
 .debug_info    0x0000a6fd      0xfea arduino.ar(board.cpp.o)
 .debug_info    0x0000b6e7      0x1e2 arduino.ar(wirish_debug.cpp.o)
 .debug_info    0x0000b8c9      0xda4 arduino.ar(usb_core.c.o)
 .debug_info    0x0000c66d      0x3f1 arduino.ar(usb_init.c.o)
 .debug_info    0x0000ca5e      0x17b arduino.ar(usb_mem.c.o)
 .debug_info    0x0000cbd9      0xad6 arduino.ar(usb_regs.c.o)
 .debug_info    0x0000d6af      0x7b2 arduino.ar(adc.c.o)
 .debug_info    0x0000de61      0xe36 arduino.ar(adc_f1.c.o)
 .debug_info    0x0000ec97      0x128 arduino.ar(flash.c.o)
 .debug_info    0x0000edbf      0x313 arduino.ar(gpio.c.o)
 .debug_info    0x0000f0d2      0x5b1 arduino.ar(nvic.c.o)
 .debug_info    0x0000f683      0x4f0 arduino.ar(rcc.c.o)
 .debug_info    0x0000fb73      0xba2 arduino.ar(usart_f1.c.o)
 .debug_info    0x00010715      0x59b arduino.ar(usart_private.c.o)
 .debug_info    0x00010cb0     0x2ab1 arduino.ar(HardwareSerial.cpp.o)
 .debug_info    0x00013761     0x25d7 arduino.ar(Print.cpp.o)
 .debug_info    0x00015d38       0x33 arduino.ar(cxxabi-compat.cpp.o)
 .debug_info    0x00015d6b     0x29cc arduino.ar(usb_serial.cpp.o)
 .debug_info    0x00018737      0x16f arduino.ar(iwdg.c.o)
 .debug_info    0x000188a6      0xc3a arduino.ar(usart.c.o)

.debug_abbrev   0x00000000     0x4c2d
 *(.debug_abbrev)
 .debug_abbrev  0x00000000      0x179 ./.ino.cpp.o
 .debug_abbrev  0x00000179       0x77 ./src/HiveX_serial.cpp.o
 .debug_abbrev  0x000001f0       0x93 ./src/HiveX_sys.cpp.o
 .debug_abbrev  0x00000283       0x14 arduino.ar(start.S.o)
 .debug_abbrev  0x00000297       0xf3 arduino.ar(start_c.c.o)
 .debug_abbrev  0x0000038a      0x241 arduino.ar(wirish_digital_f1.cpp.o)
 .debug_abbrev  0x000005cb      0x391 arduino.ar(usb.c.o)
 .debug_abbrev  0x0000095c      0x48a arduino.ar(usb_cdcacm.c.o)
 .debug_abbrev  0x00000de6      0x182 arduino.ar(usb_reg_map.c.o)
 .debug_abbrev  0x00000f68       0x14 arduino.ar(isrs.S.o)
 .debug_abbrev  0x00000f7c      0x19c arduino.ar(gpio_f1.c.o)
 .debug_abbrev  0x00001118      0x265 arduino.ar(rcc_f1.c.o)
 .debug_abbrev  0x0000137d      0x10c arduino.ar(systick.c.o)
 .debug_abbrev  0x00001489      0x40a arduino.ar(timer.c.o)
 .debug_abbrev  0x00001893       0x80 arduino.ar(main.cpp.o)
 .debug_abbrev  0x00001913      0x1a3 arduino.ar(wirish_digital.cpp.o)
 .debug_abbrev  0x00001ab6      0x396 arduino.ar(boards.cpp.o)
 .debug_abbrev  0x00001e4c      0x2a8 arduino.ar(boards_setup.cpp.o)
 .debug_abbrev  0x000020f4      0x264 arduino.ar(board.cpp.o)
 .debug_abbrev  0x00002358      0x118 arduino.ar(wirish_debug.cpp.o)
 .debug_abbrev  0x00002470      0x3e1 arduino.ar(usb_core.c.o)
 .debug_abbrev  0x00002851      0x100 arduino.ar(usb_init.c.o)
 .debug_abbrev  0x00002951       0x90 arduino.ar(usb_mem.c.o)
 .debug_abbrev  0x000029e1      0x1f5 arduino.ar(usb_regs.c.o)
 .debug_abbrev  0x00002bd6      0x1fe arduino.ar(adc.c.o)
 .debug_abbrev  0x00002dd4      0x2f7 arduino.ar(adc_f1.c.o)
 .debug_abbrev  0x000030cb       0x9f arduino.ar(flash.c.o)
 .debug_abbrev  0x0000316a       0xfd arduino.ar(gpio.c.o)
 .debug_abbrev  0x00003267      0x1a8 arduino.ar(nvic.c.o)
 .debug_abbrev  0x0000340f      0x174 arduino.ar(rcc.c.o)
 .debug_abbrev  0x00003583      0x287 arduino.ar(usart_f1.c.o)
 .debug_abbrev  0x0000380a      0x148 arduino.ar(usart_private.c.o)
 .debug_abbrev  0x00003952      0x4da arduino.ar(HardwareSerial.cpp.o)
 .debug_abbrev  0x00003e2c      0x420 arduino.ar(Print.cpp.o)
 .debug_abbrev  0x0000424c       0x2b arduino.ar(cxxabi-compat.cpp.o)
 .debug_abbrev  0x00004277      0x5ed arduino.ar(usb_serial.cpp.o)
 .debug_abbrev  0x00004864       0xcd arduino.ar(iwdg.c.o)
 .debug_abbrev  0x00004931      0x2fc arduino.ar(usart.c.o)

.debug_line     0x00000000     0x7e08
 *(.debug_line)
 .debug_line    0x00000000      0x34c ./.ino.cpp.o
 .debug_line    0x0000034c        0x0 ./src/HiveX_adc.cpp.o
 .debug_line    0x0000034c        0x0 ./src/HiveX_buffer.cpp.o
 .debug_line    0x0000034c        0x0 ./src/HiveX_common.cpp.o
 .debug_line    0x0000034c        0x0 ./src/HiveX_debug.cpp.o
 .debug_line    0x0000034c        0x0 ./src/HiveX_gpio.cpp.o
 .debug_line    0x0000034c        0x0 ./src/HiveX_i2c.cpp.o
 .debug_line    0x0000034c      0x223 ./src/HiveX_serial.cpp.o
 .debug_line    0x0000056f      0x248 ./src/HiveX_sys.cpp.o
 .debug_line    0x000007b7        0x0 ./src/HiveX_timer.cpp.o
 .debug_line    0x000007b7        0x0 ./src/HiveX_usb.cpp.o
 .debug_line    0x000007b7       0xa1 arduino.ar(start.S.o)
 .debug_line    0x00000858       0xae arduino.ar(start_c.c.o)
 .debug_line    0x00000906      0x3b0 arduino.ar(wirish_digital_f1.cpp.o)
 .debug_line    0x00000cb6      0x4e8 arduino.ar(usb.c.o)
 .debug_line    0x0000119e      0x8d5 arduino.ar(usb_cdcacm.c.o)
 .debug_line    0x00001a73      0x2c6 arduino.ar(usb_reg_map.c.o)
 .debug_line    0x00001d39       0xa1 arduino.ar(isrs.S.o)
 .debug_line    0x00001dda      0x329 arduino.ar(gpio_f1.c.o)
 .debug_line    0x00002103      0x3d0 arduino.ar(rcc_f1.c.o)
 .debug_line    0x000024d3      0x279 arduino.ar(systick.c.o)
 .debug_line    0x0000274c      0x58a arduino.ar(timer.c.o)
 .debug_line    0x00002cd6       0x9c arduino.ar(main.cpp.o)
 .debug_line    0x00002d72      0x333 arduino.ar(wirish_digital.cpp.o)
 .debug_line    0x000030a5      0x497 arduino.ar(boards.cpp.o)
 .debug_line    0x0000353c      0x459 arduino.ar(boards_setup.cpp.o)
 .debug_line    0x00003995      0x4b3 arduino.ar(board.cpp.o)
 .debug_line    0x00003e48      0x2b2 arduino.ar(wirish_debug.cpp.o)
 .debug_line    0x000040fa      0x410 arduino.ar(usb_core.c.o)
 .debug_line    0x0000450a      0x120 arduino.ar(usb_init.c.o)
 .debug_line    0x0000462a      0x13d arduino.ar(usb_mem.c.o)
 .debug_line    0x00004767      0x510 arduino.ar(usb_regs.c.o)
 .debug_line    0x00004c77      0x315 arduino.ar(adc.c.o)
 .debug_line    0x00004f8c      0x3bb arduino.ar(adc_f1.c.o)
 .debug_line    0x00005347      0x294 arduino.ar(flash.c.o)
 .debug_line    0x000055db      0x2b9 arduino.ar(gpio.c.o)
 .debug_line    0x00005894      0x2ff arduino.ar(nvic.c.o)
 .debug_line    0x00005b93      0x371 arduino.ar(rcc.c.o)
 .debug_line    0x00005f04      0x42c arduino.ar(usart_f1.c.o)
 .debug_line    0x00006330      0x2d0 arduino.ar(usart_private.c.o)
 .debug_line    0x00006600      0x500 arduino.ar(HardwareSerial.cpp.o)
 .debug_line    0x00006b00      0x597 arduino.ar(Print.cpp.o)
 .debug_line    0x00007097       0x8d arduino.ar(cxxabi-compat.cpp.o)
 .debug_line    0x00007124      0x6ae arduino.ar(usb_serial.cpp.o)
 .debug_line    0x000077d2      0x23d arduino.ar(iwdg.c.o)
 .debug_line    0x00007a0f      0x3f9 arduino.ar(usart.c.o)

.debug_frame    0x00000000     0x1c54
 *(.debug_frame)
 .debug_frame   0x00000000       0x48 ./.ino.cpp.o
 .debug_frame   0x00000048       0x20 ./src/HiveX_sys.cpp.o
 .debug_frame   0x00000068       0x28 arduino.ar(start_c.c.o)
 .debug_frame   0x00000090       0x38 arduino.ar(wirish_digital_f1.cpp.o)
 .debug_frame   0x000000c8       0x90 arduino.ar(usb.c.o)
 .debug_frame   0x00000158      0x2dc arduino.ar(usb_cdcacm.c.o)
 .debug_frame   0x00000434       0x20 arduino.ar(usb_reg_map.c.o)
 .debug_frame   0x00000454       0x88 arduino.ar(gpio_f1.c.o)
 .debug_frame   0x000004dc       0xa4 arduino.ar(rcc_f1.c.o)
 .debug_frame   0x00000580       0x60 arduino.ar(systick.c.o)
 .debug_frame   0x000005e0      0x1a0 arduino.ar(timer.c.o)
 .debug_frame   0x00000780       0x38 arduino.ar(main.cpp.o)
 .debug_frame   0x000007b8       0x38 arduino.ar(wirish_digital.cpp.o)
 .debug_frame   0x000007f0       0x8c arduino.ar(boards.cpp.o)
 .debug_frame   0x0000087c       0x78 arduino.ar(boards_setup.cpp.o)
 .debug_frame   0x000008f4       0x3c arduino.ar(board.cpp.o)
 .debug_frame   0x00000930       0x30 arduino.ar(wirish_debug.cpp.o)
 .debug_frame   0x00000960      0x1c8 arduino.ar(usb_core.c.o)
 .debug_frame   0x00000b28       0x20 arduino.ar(usb_init.c.o)
 .debug_frame   0x00000b48       0x40 arduino.ar(usb_mem.c.o)
 .debug_frame   0x00000b88      0x3d0 arduino.ar(usb_regs.c.o)
 .debug_frame   0x00000f58       0x68 arduino.ar(adc.c.o)
 .debug_frame   0x00000fc0       0xc8 arduino.ar(adc_f1.c.o)
 .debug_frame   0x00001088       0x20 arduino.ar(flash.c.o)
 .debug_frame   0x000010a8       0x2c arduino.ar(gpio.c.o)
 .debug_frame   0x000010d4       0x58 arduino.ar(nvic.c.o)
 .debug_frame   0x0000112c       0x70 arduino.ar(rcc.c.o)
 .debug_frame   0x0000119c       0xe4 arduino.ar(usart_f1.c.o)
 .debug_frame   0x00001280       0x28 arduino.ar(usart_private.c.o)
 .debug_frame   0x000012a8       0xec arduino.ar(HardwareSerial.cpp.o)
 .debug_frame   0x00001394      0x338 arduino.ar(Print.cpp.o)
 .debug_frame   0x000016cc       0x20 arduino.ar(cxxabi-compat.cpp.o)
 .debug_frame   0x000016ec      0x21c arduino.ar(usb_serial.cpp.o)
 .debug_frame   0x00001908       0x30 arduino.ar(iwdg.c.o)
 .debug_frame   0x00001938       0xb0 arduino.ar(usart.c.o)
 .debug_frame   0x000019e8       0x2c c:/users/lucifer/appdata/local/arduino15/packages/arduino/tools/arm-none-eabi-gcc/4.8.3-2014q1/bin/../lib/gcc/arm-none-eabi/5.4.1/armv7-m\libgcc.a(_aeabi_uldivmod.o)
 .debug_frame   0x00001a14       0x3c c:/users/lucifer/appdata/local/arduino15/packages/arduino/tools/arm-none-eabi-gcc/4.8.3-2014q1/bin/../lib/gcc/arm-none-eabi/5.4.1/armv7-m\libgcc.a(_fixdfdi.o)
 .debug_frame   0x00001a50       0x2c c:/users/lucifer/appdata/local/arduino15/packages/arduino/tools/arm-none-eabi-gcc/4.8.3-2014q1/bin/../lib/gcc/arm-none-eabi/5.4.1/armv7-m\libgcc.a(_fixunsdfdi.o)
 .debug_frame   0x00001a7c       0x38 c:/users/lucifer/appdata/local/arduino15/packages/arduino/tools/arm-none-eabi-gcc/4.8.3-2014q1/bin/../lib/gcc/arm-none-eabi/5.4.1/armv7-m\libgcc.a(_udivmoddi4.o)
 .debug_frame   0x00001ab4       0x28 c:/users/lucifer/appdata/local/arduino15/packages/arduino/tools/arm-none-eabi-gcc/4.8.3-2014q1/bin/../lib/gcc/arm-none-eabi/5.4.1/../../../../arm-none-eabi/lib/armv7-m\libc.a(lib_a-exit.o)
 .debug_frame   0x00001adc       0x2c c:/users/lucifer/appdata/local/arduino15/packages/arduino/tools/arm-none-eabi-gcc/4.8.3-2014q1/bin/../lib/gcc/arm-none-eabi/5.4.1/../../../../arm-none-eabi/lib/armv7-m\libc.a(lib_a-init.o)
 .debug_frame   0x00001b08       0x34 c:/users/lucifer/appdata/local/arduino15/packages/arduino/tools/arm-none-eabi-gcc/4.8.3-2014q1/bin/../lib/gcc/arm-none-eabi/5.4.1/../../../../arm-none-eabi/lib/armv7-m\libc.a(lib_a-memset.o)
 .debug_frame   0x00001b3c       0x20 c:/users/lucifer/appdata/local/arduino15/packages/arduino/tools/arm-none-eabi-gcc/4.8.3-2014q1/bin/../lib/gcc/arm-none-eabi/5.4.1/../../../../arm-none-eabi/lib/armv7-m\libc.a(lib_a-strlen-stub.o)
 .debug_frame   0x00001b5c       0x50 c:/users/lucifer/appdata/local/arduino15/packages/arduino/tools/arm-none-eabi-gcc/4.8.3-2014q1/bin/../lib/gcc/arm-none-eabi/5.4.1/../../../../arm-none-eabi/lib/armv7-m\libc.a(lib_a-__call_atexit.o)
 .debug_frame   0x00001bac       0x20 c:/users/lucifer/appdata/local/arduino15/packages/arduino/tools/arm-none-eabi-gcc/4.8.3-2014q1/bin/../lib/gcc/arm-none-eabi/5.4.1/../../../../arm-none-eabi/lib/armv7-m\libc.a(lib_a-atexit.o)
 .debug_frame   0x00001bcc       0x34 c:/users/lucifer/appdata/local/arduino15/packages/arduino/tools/arm-none-eabi-gcc/4.8.3-2014q1/bin/../lib/gcc/arm-none-eabi/5.4.1/../../../../arm-none-eabi/lib/armv7-m\libc.a(lib_a-fini.o)
 .debug_frame   0x00001c00       0x34 c:/users/lucifer/appdata/local/arduino15/packages/arduino/tools/arm-none-eabi-gcc/4.8.3-2014q1/bin/../lib/gcc/arm-none-eabi/5.4.1/../../../../arm-none-eabi/lib/armv7-m\libc.a(lib_a-__atexit.o)
 .debug_frame   0x00001c34       0x20 c:/users/lucifer/appdata/local/arduino15/packages/arduino/tools/arm-none-eabi-gcc/4.8.3-2014q1/bin/../lib/gcc/arm-none-eabi/5.4.1/../../../../arm-none-eabi/lib/armv7-m\libnosys.a(_exit.o)

.debug_str      0x00000000     0x658f
 *(.debug_str)
 .debug_str     0x00000000      0x311 ./.ino.cpp.o
                                0x398 (size before relaxing)
 .debug_str     0x00000311       0x15 ./src/HiveX_adc.cpp.o
                                0x12d (size before relaxing)
 .debug_str     0x00000326       0x18 ./src/HiveX_buffer.cpp.o
                                0x130 (size before relaxing)
 .debug_str     0x0000033e       0x18 ./src/HiveX_common.cpp.o
                                0x130 (size before relaxing)
 .debug_str     0x00000356       0x17 ./src/HiveX_debug.cpp.o
                                0x12f (size before relaxing)
 .debug_str     0x0000036d       0x16 ./src/HiveX_gpio.cpp.o
                                0x12e (size before relaxing)
 .debug_str     0x00000383       0x15 ./src/HiveX_i2c.cpp.o
                                0x12d (size before relaxing)
 .debug_str     0x00000398       0x18 ./src/HiveX_serial.cpp.o
                                0x23f (size before relaxing)
 .debug_str     0x000003b0       0x38 ./src/HiveX_sys.cpp.o
                                0x25f (size before relaxing)
 .debug_str     0x000003e8       0x17 ./src/HiveX_timer.cpp.o
                                0x12f (size before relaxing)
 .debug_str     0x000003ff       0x15 ./src/HiveX_usb.cpp.o
                                0x12d (size before relaxing)
 .debug_str     0x00000414      0x1bf arduino.ar(start_c.c.o)
                                0x1f8 (size before relaxing)
 .debug_str     0x000005d3      0x9d9 arduino.ar(wirish_digital_f1.cpp.o)
                                0xc42 (size before relaxing)
 .debug_str     0x00000fac      0x621 arduino.ar(usb.c.o)
                                0xa5b (size before relaxing)
 .debug_str     0x000015cd      0x9f0 arduino.ar(usb_cdcacm.c.o)
                               0x1804 (size before relaxing)
 .debug_str     0x00001fbd       0x94 arduino.ar(usb_reg_map.c.o)
                                0x28f (size before relaxing)
 .debug_str     0x00002051      0x320 arduino.ar(gpio_f1.c.o)
                                0x7be (size before relaxing)
 .debug_str     0x00002371      0x425 arduino.ar(rcc_f1.c.o)
                                0x7fc (size before relaxing)
 .debug_str     0x00002796       0xe4 arduino.ar(systick.c.o)
                                0x26c (size before relaxing)
 .debug_str     0x0000287a      0x450 arduino.ar(timer.c.o)
                                0xe32 (size before relaxing)
 .debug_str     0x00002cca       0x74 arduino.ar(main.cpp.o)
                                0x19b (size before relaxing)
 .debug_str     0x00002d3e       0x8c arduino.ar(wirish_digital.cpp.o)
                                0xacf (size before relaxing)
 .debug_str     0x00002dca      0x4e5 arduino.ar(boards.cpp.o)
                               0x113b (size before relaxing)
 .debug_str     0x000032af      0x2db arduino.ar(boards_setup.cpp.o)
                               0x1286 (size before relaxing)
 .debug_str     0x0000358a      0x202 arduino.ar(board.cpp.o)
                                0xd58 (size before relaxing)
 .debug_str     0x0000378c      0x10b arduino.ar(wirish_debug.cpp.o)
                                0x316 (size before relaxing)
 .debug_str     0x00003897      0x494 arduino.ar(usb_core.c.o)
                                0xac7 (size before relaxing)
 .debug_str     0x00003d2b       0x99 arduino.ar(usb_init.c.o)
                                0x52b (size before relaxing)
 .debug_str     0x00003dc4       0x9d arduino.ar(usb_mem.c.o)
                                0x1e1 (size before relaxing)
 .debug_str     0x00003e61      0x36e arduino.ar(usb_regs.c.o)
                                0x4e1 (size before relaxing)
 .debug_str     0x000041cf      0x1f5 arduino.ar(adc.c.o)
                                0xac2 (size before relaxing)
 .debug_str     0x000043c4      0x115 arduino.ar(adc_f1.c.o)
                                0xddd (size before relaxing)
 .debug_str     0x000044d9       0x6b arduino.ar(flash.c.o)
                                0x206 (size before relaxing)
 .debug_str     0x00004544       0x5e arduino.ar(gpio.c.o)
                                0x44a (size before relaxing)
 .debug_str     0x000045a2       0xe9 arduino.ar(nvic.c.o)
                                0x70f (size before relaxing)
 .debug_str     0x0000468b       0xa0 arduino.ar(rcc.c.o)
                                0x55b (size before relaxing)
 .debug_str     0x0000472b      0x19a arduino.ar(usart_f1.c.o)
                                0xac6 (size before relaxing)
 .debug_str     0x000048c5       0x67 arduino.ar(usart_private.c.o)
                                0x891 (size before relaxing)
 .debug_str     0x0000492c     0x1265 arduino.ar(HardwareSerial.cpp.o)
                               0x1e8b (size before relaxing)
 .debug_str     0x00005b91      0x41e arduino.ar(Print.cpp.o)
                               0x11b0 (size before relaxing)
 .debug_str     0x00005faf       0x73 arduino.ar(cxxabi-compat.cpp.o)
                                0x172 (size before relaxing)
 .debug_str     0x00006022      0x444 arduino.ar(usb_serial.cpp.o)
                               0x1f22 (size before relaxing)
 .debug_str     0x00006466       0x75 arduino.ar(iwdg.c.o)
                                0x263 (size before relaxing)
 .debug_str     0x000064db       0xb4 arduino.ar(usart.c.o)
                                0x9d2 (size before relaxing)

.debug_loc      0x00000000     0x6c8a
 *(.debug_loc)
 .debug_loc     0x00000000       0x8c arduino.ar(start_c.c.o)
 .debug_loc     0x0000008c      0x137 arduino.ar(wirish_digital_f1.cpp.o)
 .debug_loc     0x000001c3      0x392 arduino.ar(usb.c.o)
 .debug_loc     0x00000555      0xdc3 arduino.ar(usb_cdcacm.c.o)
 .debug_loc     0x00001318      0x124 arduino.ar(usb_reg_map.c.o)
 .debug_loc     0x0000143c      0x1c6 arduino.ar(gpio_f1.c.o)
 .debug_loc     0x00001602      0x4e7 arduino.ar(rcc_f1.c.o)
 .debug_loc     0x00001ae9      0xde3 arduino.ar(timer.c.o)
 .debug_loc     0x000028cc       0x9b arduino.ar(wirish_digital.cpp.o)
 .debug_loc     0x00002967      0x2d3 arduino.ar(boards.cpp.o)
 .debug_loc     0x00002c3a       0x27 arduino.ar(boards_setup.cpp.o)
 .debug_loc     0x00002c61       0x2a arduino.ar(wirish_debug.cpp.o)
 .debug_loc     0x00002c8b      0x7d2 arduino.ar(usb_core.c.o)
 .debug_loc     0x0000345d      0x258 arduino.ar(usb_mem.c.o)
 .debug_loc     0x000036b5      0xa58 arduino.ar(usb_regs.c.o)
 .debug_loc     0x0000410d      0x14d arduino.ar(adc.c.o)
 .debug_loc     0x0000425a      0x368 arduino.ar(adc_f1.c.o)
 .debug_loc     0x000045c2       0x3f arduino.ar(flash.c.o)
 .debug_loc     0x00004601       0x2c arduino.ar(gpio.c.o)
 .debug_loc     0x0000462d      0x18c arduino.ar(nvic.c.o)
 .debug_loc     0x000047b9      0x131 arduino.ar(rcc.c.o)
 .debug_loc     0x000048ea      0x3bc arduino.ar(usart_f1.c.o)
 .debug_loc     0x00004ca6       0x3f arduino.ar(usart_private.c.o)
 .debug_loc     0x00004ce5      0x3f6 arduino.ar(HardwareSerial.cpp.o)
 .debug_loc     0x000050db     0x1249 arduino.ar(Print.cpp.o)
 .debug_loc     0x00006324      0x613 arduino.ar(usb_serial.cpp.o)
 .debug_loc     0x00006937      0x353 arduino.ar(usart.c.o)

.debug_macinfo
 *(.debug_macinfo)

.debug_weaknames
 *(.debug_weaknames)

.debug_funcnames
 *(.debug_funcnames)

.debug_typenames
 *(.debug_typenames)

.debug_varnames
 *(.debug_varnames)

.note.gnu.arm.ident
 *(.note.gnu.arm.ident)

.ARM.attributes
                0x00000000       0x29
 *(.ARM.attributes)
 .ARM.attributes
                0x00000000       0x1d c:/users/lucifer/appdata/local/arduino15/packages/arduino/tools/arm-none-eabi-gcc/4.8.3-2014q1/bin/../lib/gcc/arm-none-eabi/5.4.1/armv7-m/crti.o
 .ARM.attributes
                0x0000001d       0x2d c:/users/lucifer/appdata/local/arduino15/packages/arduino/tools/arm-none-eabi-gcc/4.8.3-2014q1/bin/../lib/gcc/arm-none-eabi/5.4.1/armv7-m/crtbegin.o
 .ARM.attributes
                0x0000004a       0x1b c:/users/lucifer/appdata/local/arduino15/packages/arduino/tools/arm-none-eabi-gcc/4.8.3-2014q1/bin/../lib/gcc/arm-none-eabi/5.4.1/../../../../arm-none-eabi/lib/armv7-m/crt0.o
 .ARM.attributes
                0x00000065       0x33 ./.ino.cpp.o
 .ARM.attributes
                0x00000098       0x33 ./src/HiveX_adc.cpp.o
 .ARM.attributes
                0x000000cb       0x33 ./src/HiveX_buffer.cpp.o
 .ARM.attributes
                0x000000fe       0x33 ./src/HiveX_common.cpp.o
 .ARM.attributes
                0x00000131       0x33 ./src/HiveX_debug.cpp.o
 .ARM.attributes
                0x00000164       0x33 ./src/HiveX_gpio.cpp.o
 .ARM.attributes
                0x00000197       0x33 ./src/HiveX_i2c.cpp.o
 .ARM.attributes
                0x000001ca       0x33 ./src/HiveX_serial.cpp.o
 .ARM.attributes
                0x000001fd       0x33 ./src/HiveX_sys.cpp.o
 .ARM.attributes
                0x00000230       0x33 ./src/HiveX_timer.cpp.o
 .ARM.attributes
                0x00000263       0x33 ./src/HiveX_usb.cpp.o
 .ARM.attributes
                0x00000296       0x21 arduino.ar(start.S.o)
 .ARM.attributes
                0x000002b7       0x33 arduino.ar(start_c.c.o)
 .ARM.attributes
                0x000002ea       0x33 arduino.ar(wirish_digital_f1.cpp.o)
 .ARM.attributes
                0x0000031d       0x33 arduino.ar(usb.c.o)
 .ARM.attributes
                0x00000350       0x33 arduino.ar(usb_cdcacm.c.o)
 .ARM.attributes
                0x00000383       0x33 arduino.ar(usb_reg_map.c.o)
 .ARM.attributes
                0x000003b6       0x21 arduino.ar(isrs.S.o)
 .ARM.attributes
                0x000003d7       0x21 arduino.ar(vector_table.S.o)
 .ARM.attributes
                0x000003f8       0x33 arduino.ar(gpio_f1.c.o)
 .ARM.attributes
                0x0000042b       0x33 arduino.ar(rcc_f1.c.o)
 .ARM.attributes
                0x0000045e       0x33 arduino.ar(systick.c.o)
 .ARM.attributes
                0x00000491       0x33 arduino.ar(timer.c.o)
 .ARM.attributes
                0x000004c4       0x33 arduino.ar(main.cpp.o)
 .ARM.attributes
                0x000004f7       0x33 arduino.ar(wirish_digital.cpp.o)
 .ARM.attributes
                0x0000052a       0x33 arduino.ar(boards.cpp.o)
 .ARM.attributes
                0x0000055d       0x33 arduino.ar(boards_setup.cpp.o)
 .ARM.attributes
                0x00000590       0x33 arduino.ar(board.cpp.o)
 .ARM.attributes
                0x000005c3       0x33 arduino.ar(wirish_debug.cpp.o)
 .ARM.attributes
                0x000005f6       0x33 arduino.ar(usb_core.c.o)
 .ARM.attributes
                0x00000629       0x33 arduino.ar(usb_init.c.o)
 .ARM.attributes
                0x0000065c       0x33 arduino.ar(usb_mem.c.o)
 .ARM.attributes
                0x0000068f       0x33 arduino.ar(usb_regs.c.o)
 .ARM.attributes
                0x000006c2       0x33 arduino.ar(adc.c.o)
 .ARM.attributes
                0x000006f5       0x33 arduino.ar(adc_f1.c.o)
 .ARM.attributes
                0x00000728       0x33 arduino.ar(flash.c.o)
 .ARM.attributes
                0x0000075b       0x33 arduino.ar(gpio.c.o)
 .ARM.attributes
                0x0000078e       0x33 arduino.ar(nvic.c.o)
 .ARM.attributes
                0x000007c1       0x33 arduino.ar(rcc.c.o)
 .ARM.attributes
                0x000007f4       0x33 arduino.ar(usart_f1.c.o)
 .ARM.attributes
                0x00000827       0x33 arduino.ar(usart_private.c.o)
 .ARM.attributes
                0x0000085a       0x33 arduino.ar(HardwareSerial.cpp.o)
 .ARM.attributes
                0x0000088d       0x33 arduino.ar(Print.cpp.o)
 .ARM.attributes
                0x000008c0       0x33 arduino.ar(cxxabi-compat.cpp.o)
 .ARM.attributes
                0x000008f3       0x33 arduino.ar(usb_serial.cpp.o)
 .ARM.attributes
                0x00000926       0x33 arduino.ar(iwdg.c.o)
 .ARM.attributes
                0x00000959       0x33 arduino.ar(usart.c.o)
 .ARM.attributes
                0x0000098c       0x1d c:/users/lucifer/appdata/local/arduino15/packages/arduino/tools/arm-none-eabi-gcc/4.8.3-2014q1/bin/../lib/gcc/arm-none-eabi/5.4.1/armv7-m\libgcc.a(_arm_addsubdf3.o)
 .ARM.attributes
                0x000009a9       0x1d c:/users/lucifer/appdata/local/arduino15/packages/arduino/tools/arm-none-eabi-gcc/4.8.3-2014q1/bin/../lib/gcc/arm-none-eabi/5.4.1/armv7-m\libgcc.a(_arm_muldivdf3.o)
 .ARM.attributes
                0x000009c6       0x1d c:/users/lucifer/appdata/local/arduino15/packages/arduino/tools/arm-none-eabi-gcc/4.8.3-2014q1/bin/../lib/gcc/arm-none-eabi/5.4.1/armv7-m\libgcc.a(_arm_cmpdf2.o)
 .ARM.attributes
                0x000009e3       0x1d c:/users/lucifer/appdata/local/arduino15/packages/arduino/tools/arm-none-eabi-gcc/4.8.3-2014q1/bin/../lib/gcc/arm-none-eabi/5.4.1/armv7-m\libgcc.a(_arm_fixdfsi.o)
 .ARM.attributes
                0x00000a00       0x1d c:/users/lucifer/appdata/local/arduino15/packages/arduino/tools/arm-none-eabi-gcc/4.8.3-2014q1/bin/../lib/gcc/arm-none-eabi/5.4.1/armv7-m\libgcc.a(_aeabi_uldivmod.o)
 .ARM.attributes
                0x00000a1d       0x2d c:/users/lucifer/appdata/local/arduino15/packages/arduino/tools/arm-none-eabi-gcc/4.8.3-2014q1/bin/../lib/gcc/arm-none-eabi/5.4.1/armv7-m\libgcc.a(_fixdfdi.o)
 .ARM.attributes
                0x00000a4a       0x2d c:/users/lucifer/appdata/local/arduino15/packages/arduino/tools/arm-none-eabi-gcc/4.8.3-2014q1/bin/../lib/gcc/arm-none-eabi/5.4.1/armv7-m\libgcc.a(_fixunsdfdi.o)
 .ARM.attributes
                0x00000a77       0x2d c:/users/lucifer/appdata/local/arduino15/packages/arduino/tools/arm-none-eabi-gcc/4.8.3-2014q1/bin/../lib/gcc/arm-none-eabi/5.4.1/armv7-m\libgcc.a(_udivmoddi4.o)
 .ARM.attributes
                0x00000aa4       0x1d c:/users/lucifer/appdata/local/arduino15/packages/arduino/tools/arm-none-eabi-gcc/4.8.3-2014q1/bin/../lib/gcc/arm-none-eabi/5.4.1/armv7-m\libgcc.a(_dvmd_tls.o)
 .ARM.attributes
                0x00000ac1       0x1d c:/users/lucifer/appdata/local/arduino15/packages/arduino/tools/arm-none-eabi-gcc/4.8.3-2014q1/bin/../lib/gcc/arm-none-eabi/5.4.1/armv7-m\libgcc.a(_arm_fixunsdfsi.o)
 .ARM.attributes
                0x00000ade       0x2d c:/users/lucifer/appdata/local/arduino15/packages/arduino/tools/arm-none-eabi-gcc/4.8.3-2014q1/bin/../lib/gcc/arm-none-eabi/5.4.1/../../../../arm-none-eabi/lib/armv7-m\libc.a(lib_a-exit.o)
 .ARM.attributes
                0x00000b0b       0x2d c:/users/lucifer/appdata/local/arduino15/packages/arduino/tools/arm-none-eabi-gcc/4.8.3-2014q1/bin/../lib/gcc/arm-none-eabi/5.4.1/../../../../arm-none-eabi/lib/armv7-m\libc.a(lib_a-impure.o)
 .ARM.attributes
                0x00000b38       0x2d c:/users/lucifer/appdata/local/arduino15/packages/arduino/tools/arm-none-eabi-gcc/4.8.3-2014q1/bin/../lib/gcc/arm-none-eabi/5.4.1/../../../../arm-none-eabi/lib/armv7-m\libc.a(lib_a-init.o)
 .ARM.attributes
                0x00000b65       0x2d c:/users/lucifer/appdata/local/arduino15/packages/arduino/tools/arm-none-eabi-gcc/4.8.3-2014q1/bin/../lib/gcc/arm-none-eabi/5.4.1/../../../../arm-none-eabi/lib/armv7-m\libc.a(lib_a-memset.o)
 .ARM.attributes
                0x00000b92       0x2d c:/users/lucifer/appdata/local/arduino15/packages/arduino/tools/arm-none-eabi-gcc/4.8.3-2014q1/bin/../lib/gcc/arm-none-eabi/5.4.1/../../../../arm-none-eabi/lib/armv7-m\libc.a(lib_a-strlen-stub.o)
 .ARM.attributes
                0x00000bbf       0x2d c:/users/lucifer/appdata/local/arduino15/packages/arduino/tools/arm-none-eabi-gcc/4.8.3-2014q1/bin/../lib/gcc/arm-none-eabi/5.4.1/../../../../arm-none-eabi/lib/armv7-m\libc.a(lib_a-__call_atexit.o)
 .ARM.attributes
                0x00000bec       0x2d c:/users/lucifer/appdata/local/arduino15/packages/arduino/tools/arm-none-eabi-gcc/4.8.3-2014q1/bin/../lib/gcc/arm-none-eabi/5.4.1/../../../../arm-none-eabi/lib/armv7-m\libc.a(lib_a-atexit.o)
 .ARM.attributes
                0x00000c19       0x2d c:/users/lucifer/appdata/local/arduino15/packages/arduino/tools/arm-none-eabi-gcc/4.8.3-2014q1/bin/../lib/gcc/arm-none-eabi/5.4.1/../../../../arm-none-eabi/lib/armv7-m\libc.a(lib_a-fini.o)
 .ARM.attributes
                0x00000c46       0x2d c:/users/lucifer/appdata/local/arduino15/packages/arduino/tools/arm-none-eabi-gcc/4.8.3-2014q1/bin/../lib/gcc/arm-none-eabi/5.4.1/../../../../arm-none-eabi/lib/armv7-m\libc.a(lib_a-__atexit.o)
 .ARM.attributes
                0x00000c73       0x2d c:/users/lucifer/appdata/local/arduino15/packages/arduino/tools/arm-none-eabi-gcc/4.8.3-2014q1/bin/../lib/gcc/arm-none-eabi/5.4.1/armv7-m/crtend.o
 .ARM.attributes
                0x00000ca0       0x1d c:/users/lucifer/appdata/local/arduino15/packages/arduino/tools/arm-none-eabi-gcc/4.8.3-2014q1/bin/../lib/gcc/arm-none-eabi/5.4.1/armv7-m/crtn.o
 .ARM.attributes
                0x00000cbd       0x2d c:/users/lucifer/appdata/local/arduino15/packages/arduino/tools/arm-none-eabi-gcc/4.8.3-2014q1/bin/../lib/gcc/arm-none-eabi/5.4.1/../../../../arm-none-eabi/lib/armv7-m\libnosys.a(_exit.o)

/DISCARD/
 *(.note.GNU-stack)
OUTPUT(E:/Workspace/bsp/Release/bsp.elf elf32-littlearm)

.debug_ranges   0x00000000     0x1160
 .debug_ranges  0x00000000       0x30 ./.ino.cpp.o
 .debug_ranges  0x00000030       0x10 ./src/HiveX_sys.cpp.o
 .debug_ranges  0x00000040       0x28 arduino.ar(start_c.c.o)
 .debug_ranges  0x00000068       0x10 arduino.ar(wirish_digital_f1.cpp.o)
 .debug_ranges  0x00000078       0xd8 arduino.ar(usb.c.o)
 .debug_ranges  0x00000150      0x248 arduino.ar(usb_cdcacm.c.o)
 .debug_ranges  0x00000398       0x70 arduino.ar(usb_reg_map.c.o)
 .debug_ranges  0x00000408       0x30 arduino.ar(gpio_f1.c.o)
 .debug_ranges  0x00000438       0xc8 arduino.ar(rcc_f1.c.o)
 .debug_ranges  0x00000500       0x48 arduino.ar(systick.c.o)
 .debug_ranges  0x00000548       0xa0 arduino.ar(timer.c.o)
 .debug_ranges  0x000005e8       0x18 arduino.ar(main.cpp.o)
 .debug_ranges  0x00000600       0x30 arduino.ar(wirish_digital.cpp.o)
 .debug_ranges  0x00000630      0x190 arduino.ar(boards.cpp.o)
 .debug_ranges  0x000007c0       0x30 arduino.ar(boards_setup.cpp.o)
 .debug_ranges  0x000007f0       0x38 arduino.ar(board.cpp.o)
 .debug_ranges  0x00000828       0x18 arduino.ar(wirish_debug.cpp.o)
 .debug_ranges  0x00000840      0x110 arduino.ar(usb_core.c.o)
 .debug_ranges  0x00000950       0x10 arduino.ar(usb_init.c.o)
 .debug_ranges  0x00000960       0x18 arduino.ar(usb_mem.c.o)
 .debug_ranges  0x00000978      0x240 arduino.ar(usb_regs.c.o)
 .debug_ranges  0x00000bb8       0x28 arduino.ar(adc.c.o)
 .debug_ranges  0x00000be0       0xd0 arduino.ar(adc_f1.c.o)
 .debug_ranges  0x00000cb0       0x10 arduino.ar(flash.c.o)
 .debug_ranges  0x00000cc0       0x10 arduino.ar(gpio.c.o)
 .debug_ranges  0x00000cd0       0x40 arduino.ar(nvic.c.o)
 .debug_ranges  0x00000d10       0x38 arduino.ar(rcc.c.o)
 .debug_ranges  0x00000d48       0x60 arduino.ar(usart_f1.c.o)
 .debug_ranges  0x00000da8       0x10 arduino.ar(usart_private.c.o)
 .debug_ranges  0x00000db8       0x70 arduino.ar(HardwareSerial.cpp.o)
 .debug_ranges  0x00000e28      0x160 arduino.ar(Print.cpp.o)
 .debug_ranges  0x00000f88       0x10 arduino.ar(cxxabi-compat.cpp.o)
 .debug_ranges  0x00000f98       0xe8 arduino.ar(usb_serial.cpp.o)
 .debug_ranges  0x00001080       0x18 arduino.ar(iwdg.c.o)
 .debug_ranges  0x00001098       0xc8 arduino.ar(usart.c.o)

.comment        0x00000000       0x6e
 .comment       0x00000000       0x6e ./.ino.cpp.o
                                 0x6f (size before relaxing)
 .comment       0x0000006e       0x6f ./src/HiveX_adc.cpp.o
 .comment       0x0000006e       0x6f ./src/HiveX_buffer.cpp.o
 .comment       0x0000006e       0x6f ./src/HiveX_common.cpp.o
 .comment       0x0000006e       0x6f ./src/HiveX_debug.cpp.o
 .comment       0x0000006e       0x6f ./src/HiveX_gpio.cpp.o
 .comment       0x0000006e       0x6f ./src/HiveX_i2c.cpp.o
 .comment       0x0000006e       0x6f ./src/HiveX_serial.cpp.o
 .comment       0x0000006e       0x6f ./src/HiveX_sys.cpp.o
 .comment       0x0000006e       0x6f ./src/HiveX_timer.cpp.o
 .comment       0x0000006e       0x6f ./src/HiveX_usb.cpp.o
 .comment       0x0000006e       0x6f arduino.ar(start_c.c.o)
 .comment       0x0000006e       0x6f arduino.ar(wirish_digital_f1.cpp.o)
 .comment       0x0000006e       0x6f arduino.ar(usb.c.o)
 .comment       0x0000006e       0x6f arduino.ar(usb_cdcacm.c.o)
 .comment       0x0000006e       0x6f arduino.ar(usb_reg_map.c.o)
 .comment       0x0000006e       0x6f arduino.ar(gpio_f1.c.o)
 .comment       0x0000006e       0x6f arduino.ar(rcc_f1.c.o)
 .comment       0x0000006e       0x6f arduino.ar(systick.c.o)
 .comment       0x0000006e       0x6f arduino.ar(timer.c.o)
 .comment       0x0000006e       0x6f arduino.ar(main.cpp.o)
 .comment       0x0000006e       0x6f arduino.ar(wirish_digital.cpp.o)
 .comment       0x0000006e       0x6f arduino.ar(boards.cpp.o)
 .comment       0x0000006e       0x6f arduino.ar(boards_setup.cpp.o)
 .comment       0x0000006e       0x6f arduino.ar(board.cpp.o)
 .comment       0x0000006e       0x6f arduino.ar(wirish_debug.cpp.o)
 .comment       0x0000006e       0x6f arduino.ar(usb_core.c.o)
 .comment       0x0000006e       0x6f arduino.ar(usb_init.c.o)
 .comment       0x0000006e       0x6f arduino.ar(usb_mem.c.o)
 .comment       0x0000006e       0x6f arduino.ar(usb_regs.c.o)
 .comment       0x0000006e       0x6f arduino.ar(adc.c.o)
 .comment       0x0000006e       0x6f arduino.ar(adc_f1.c.o)
 .comment       0x0000006e       0x6f arduino.ar(flash.c.o)
 .comment       0x0000006e       0x6f arduino.ar(gpio.c.o)
 .comment       0x0000006e       0x6f arduino.ar(nvic.c.o)
 .comment       0x0000006e       0x6f arduino.ar(rcc.c.o)
 .comment       0x0000006e       0x6f arduino.ar(usart_f1.c.o)
 .comment       0x0000006e       0x6f arduino.ar(usart_private.c.o)
 .comment       0x0000006e       0x6f arduino.ar(HardwareSerial.cpp.o)
 .comment       0x0000006e       0x6f arduino.ar(Print.cpp.o)
 .comment       0x0000006e       0x6f arduino.ar(cxxabi-compat.cpp.o)
 .comment       0x0000006e       0x6f arduino.ar(usb_serial.cpp.o)
 .comment       0x0000006e       0x6f arduino.ar(iwdg.c.o)
 .comment       0x0000006e       0x6f arduino.ar(usart.c.o)

Cross Reference Table

Symbol                                            File
ADC1                                              arduino.ar(adc_f1.c.o)
ADC2                                              arduino.ar(adc_f1.c.o)
ByteSwap                                          arduino.ar(usb_regs.c.o)
ClearDTOG_RX                                      arduino.ar(usb_regs.c.o)
                                                  arduino.ar(usb_core.c.o)
ClearDTOG_TX                                      arduino.ar(usb_regs.c.o)
                                                  arduino.ar(usb_core.c.o)
ClearEPDoubleBuff                                 arduino.ar(usb_regs.c.o)
ClearEP_CTR_RX                                    arduino.ar(usb_regs.c.o)
ClearEP_CTR_TX                                    arduino.ar(usb_regs.c.o)
ClearEP_KIND                                      arduino.ar(usb_regs.c.o)
Clear_Status_Out                                  arduino.ar(usb_regs.c.o)
Data_Mul_MaxPacketSize                            arduino.ar(usb_core.c.o)
Device_Info                                       arduino.ar(usb_init.c.o)
                                                  arduino.ar(usb.c.o)
Device_Property                                   arduino.ar(usb_cdcacm.c.o)
                                                  arduino.ar(usb_init.c.o)
                                                  arduino.ar(usb_core.c.o)
                                                  arduino.ar(usb.c.o)
Device_Table                                      arduino.ar(usb_cdcacm.c.o)
                                                  arduino.ar(usb_core.c.o)
EPindex                                           arduino.ar(usb_init.c.o)
FreeUserBuffer                                    arduino.ar(usb_regs.c.o)
GPIOA                                             arduino.ar(gpio_f1.c.o)
GPIOB                                             arduino.ar(gpio_f1.c.o)
GPIOC                                             arduino.ar(gpio_f1.c.o)
GPIOD                                             arduino.ar(gpio_f1.c.o)
GetBTABLE                                         arduino.ar(usb_regs.c.o)
GetCNTR                                           arduino.ar(usb_regs.c.o)
GetDADDR                                          arduino.ar(usb_regs.c.o)
GetENDPOINT                                       arduino.ar(usb_regs.c.o)
GetEPAddress                                      arduino.ar(usb_regs.c.o)
GetEPDblBuf0Addr                                  arduino.ar(usb_regs.c.o)
GetEPDblBuf0Count                                 arduino.ar(usb_regs.c.o)
GetEPDblBuf1Addr                                  arduino.ar(usb_regs.c.o)
GetEPDblBuf1Count                                 arduino.ar(usb_regs.c.o)
GetEPDblBufDir                                    arduino.ar(usb_regs.c.o)
GetEPRxAddr                                       arduino.ar(usb_regs.c.o)
                                                  arduino.ar(usb_core.c.o)
GetEPRxCount                                      arduino.ar(usb_regs.c.o)
GetEPRxStatus                                     arduino.ar(usb_regs.c.o)
GetEPTxAddr                                       arduino.ar(usb_regs.c.o)
                                                  arduino.ar(usb_core.c.o)
GetEPTxCount                                      arduino.ar(usb_regs.c.o)
GetEPTxStatus                                     arduino.ar(usb_regs.c.o)
GetEPType                                         arduino.ar(usb_regs.c.o)
GetFNR                                            arduino.ar(usb_regs.c.o)
GetISTR                                           arduino.ar(usb_regs.c.o)
GetRxStallStatus                                  arduino.ar(usb_regs.c.o)
GetTxStallStatus                                  arduino.ar(usb_regs.c.o)
HardwareSerial::HardwareSerial(usart_dev*, unsigned char, unsigned char) arduino.ar(HardwareSerial.cpp.o)
                                                  arduino.ar(board.cpp.o)
HardwareSerial::HardwareSerial(usart_dev*, unsigned char, unsigned char) arduino.ar(HardwareSerial.cpp.o)
HardwareSerial::available()                       arduino.ar(HardwareSerial.cpp.o)
HardwareSerial::availableForWrite()               arduino.ar(HardwareSerial.cpp.o)
HardwareSerial::begin(unsigned long)              arduino.ar(HardwareSerial.cpp.o)
HardwareSerial::begin(unsigned long, unsigned char) arduino.ar(HardwareSerial.cpp.o)
HardwareSerial::end()                             arduino.ar(HardwareSerial.cpp.o)
HardwareSerial::flush()                           arduino.ar(HardwareSerial.cpp.o)
HardwareSerial::peek()                            arduino.ar(HardwareSerial.cpp.o)
HardwareSerial::read()                            arduino.ar(HardwareSerial.cpp.o)
HardwareSerial::write(unsigned char)              arduino.ar(HardwareSerial.cpp.o)
HiveX_sys_init()                                  ./src/HiveX_sys.cpp.o
In0_Process                                       arduino.ar(usb_core.c.o)
                                                  arduino.ar(usb.c.o)
NOP_Process                                       arduino.ar(usb_core.c.o)
                                                  arduino.ar(usb_cdcacm.c.o)
Out0_Process                                      arduino.ar(usb_core.c.o)
                                                  arduino.ar(usb.c.o)
PIN_MAP                                           arduino.ar(board.cpp.o)
                                                  arduino.ar(HardwareSerial.cpp.o)
                                                  arduino.ar(boards_setup.cpp.o)
                                                  arduino.ar(wirish_digital.cpp.o)
                                                  arduino.ar(wirish_digital_f1.cpp.o)
PMAToUserBufferCopy                               arduino.ar(usb_mem.c.o)
                                                  arduino.ar(usb_core.c.o)
Post0_Process                                     arduino.ar(usb_core.c.o)
Print::print(Printable const&)                    arduino.ar(Print.cpp.o)
Print::print(String const&)                       arduino.ar(Print.cpp.o)
Print::print(__FlashStringHelper const*)          arduino.ar(Print.cpp.o)
Print::print(char const*)                         arduino.ar(Print.cpp.o)
Print::print(char)                                arduino.ar(Print.cpp.o)
Print::print(double, int)                         arduino.ar(Print.cpp.o)
Print::print(int, int)                            arduino.ar(Print.cpp.o)
Print::print(long long, int)                      arduino.ar(Print.cpp.o)
Print::print(long, int)                           arduino.ar(Print.cpp.o)
Print::print(unsigned char, int)                  arduino.ar(Print.cpp.o)
Print::print(unsigned int, int)                   arduino.ar(Print.cpp.o)
Print::print(unsigned long long, int)             arduino.ar(Print.cpp.o)
Print::print(unsigned long, int)                  arduino.ar(Print.cpp.o)
Print::printFloat(double, unsigned char)          arduino.ar(Print.cpp.o)
Print::printNumber(unsigned long long, unsigned char) arduino.ar(Print.cpp.o)
Print::println()                                  arduino.ar(Print.cpp.o)
Print::println(Printable const&)                  arduino.ar(Print.cpp.o)
Print::println(String const&)                     arduino.ar(Print.cpp.o)
Print::println(__FlashStringHelper const*)        arduino.ar(Print.cpp.o)
Print::println(char const*)                       arduino.ar(Print.cpp.o)
Print::println(char)                              arduino.ar(Print.cpp.o)
Print::println(double, int)                       arduino.ar(Print.cpp.o)
Print::println(int, int)                          arduino.ar(Print.cpp.o)
Print::println(long long, int)                    arduino.ar(Print.cpp.o)
Print::println(long, int)                         arduino.ar(Print.cpp.o)
Print::println(unsigned char, int)                arduino.ar(Print.cpp.o)
Print::println(unsigned int, int)                 arduino.ar(Print.cpp.o)
Print::println(unsigned long long, int)           arduino.ar(Print.cpp.o)
Print::println(unsigned long, int)                arduino.ar(Print.cpp.o)
Print::write(char const*)                         arduino.ar(Print.cpp.o)
                                                  arduino.ar(HardwareSerial.cpp.o)
Print::write(void const*, unsigned long)          arduino.ar(Print.cpp.o)
                                                  arduino.ar(usb_serial.cpp.o)
                                                  arduino.ar(HardwareSerial.cpp.o)
ResumeS                                           arduino.ar(usb.c.o)
SaveRState                                        arduino.ar(usb.c.o)
                                                  arduino.ar(usb_core.c.o)
SaveState                                         arduino.ar(usb_init.c.o)
SaveTState                                        arduino.ar(usb.c.o)
                                                  arduino.ar(usb_core.c.o)
Serial                                            arduino.ar(usb_serial.cpp.o)
                                                  arduino.ar(boards_setup.cpp.o)
Serial1                                           arduino.ar(board.cpp.o)
Serial2                                           arduino.ar(board.cpp.o)
Serial3                                           arduino.ar(board.cpp.o)
SetBTABLE                                         arduino.ar(usb_regs.c.o)
SetCNTR                                           arduino.ar(usb_regs.c.o)
SetDADDR                                          arduino.ar(usb_regs.c.o)
SetDeviceAddress                                  arduino.ar(usb_core.c.o)
                                                  arduino.ar(usb_cdcacm.c.o)
SetDouBleBuffEPStall                              arduino.ar(usb_regs.c.o)
SetENDPOINT                                       arduino.ar(usb_regs.c.o)
SetEPAddress                                      arduino.ar(usb_regs.c.o)
SetEPCountRxReg                                   arduino.ar(usb_regs.c.o)
SetEPDblBuf0Addr                                  arduino.ar(usb_regs.c.o)
SetEPDblBuf0Count                                 arduino.ar(usb_regs.c.o)
SetEPDblBuf1Addr                                  arduino.ar(usb_regs.c.o)
SetEPDblBuf1Count                                 arduino.ar(usb_regs.c.o)
SetEPDblBuffAddr                                  arduino.ar(usb_regs.c.o)
SetEPDblBuffCount                                 arduino.ar(usb_regs.c.o)
SetEPDoubleBuff                                   arduino.ar(usb_regs.c.o)
SetEPRxAddr                                       arduino.ar(usb_regs.c.o)
SetEPRxCount                                      arduino.ar(usb_regs.c.o)
                                                  arduino.ar(usb_core.c.o)
SetEPRxStatus                                     arduino.ar(usb_regs.c.o)
SetEPRxValid                                      arduino.ar(usb_regs.c.o)
SetEPTxAddr                                       arduino.ar(usb_regs.c.o)
SetEPTxCount                                      arduino.ar(usb_regs.c.o)
                                                  arduino.ar(usb_core.c.o)
SetEPTxStatus                                     arduino.ar(usb_regs.c.o)